Archive member included because of file (symbol)

c:/program files (x86)/atmel/atmel toolchain/arm gcc/native/4.7.3.1029/arm-gnu-toolchain/bin/../lib/gcc/arm-none-eabi/4.7.3/armv7e-m\libgcc.a(_arm_addsubdf3.o)
                              src/servo.o (__aeabi_i2d)
c:/program files (x86)/atmel/atmel toolchain/arm gcc/native/4.7.3.1029/arm-gnu-toolchain/bin/../lib/gcc/arm-none-eabi/4.7.3/armv7e-m\libgcc.a(_arm_muldivdf3.o)
                              src/servo.o (__aeabi_ddiv)
c:/program files (x86)/atmel/atmel toolchain/arm gcc/native/4.7.3.1029/arm-gnu-toolchain/bin/../lib/gcc/arm-none-eabi/4.7.3/armv7e-m\libgcc.a(_arm_fixunsdfsi.o)
                              src/servo.o (__aeabi_d2uiz)
c:/program files (x86)/atmel/atmel toolchain/arm gcc/native/4.7.3.1029/arm-gnu-toolchain/bin/../lib/gcc/arm-none-eabi/4.7.3/../../../../arm-none-eabi/lib/armv7e-m\libc.a(lib_a-__atexit.o)
                              c:/program files (x86)/atmel/atmel toolchain/arm gcc/native/4.7.3.1029/arm-gnu-toolchain/bin/../lib/gcc/arm-none-eabi/4.7.3/../../../../arm-none-eabi/lib/armv7e-m/crt0.o (__register_exitproc)
c:/program files (x86)/atmel/atmel toolchain/arm gcc/native/4.7.3.1029/arm-gnu-toolchain/bin/../lib/gcc/arm-none-eabi/4.7.3/../../../../arm-none-eabi/lib/armv7e-m\libc.a(lib_a-exit.o)
                              c:/program files (x86)/atmel/atmel toolchain/arm gcc/native/4.7.3.1029/arm-gnu-toolchain/bin/../lib/gcc/arm-none-eabi/4.7.3/../../../../arm-none-eabi/lib/armv7e-m/crt0.o (exit)
c:/program files (x86)/atmel/atmel toolchain/arm gcc/native/4.7.3.1029/arm-gnu-toolchain/bin/../lib/gcc/arm-none-eabi/4.7.3/../../../../arm-none-eabi/lib/armv7e-m\libc.a(lib_a-fini.o)
                              c:/program files (x86)/atmel/atmel toolchain/arm gcc/native/4.7.3.1029/arm-gnu-toolchain/bin/../lib/gcc/arm-none-eabi/4.7.3/../../../../arm-none-eabi/lib/armv7e-m/crt0.o (__libc_fini_array)
c:/program files (x86)/atmel/atmel toolchain/arm gcc/native/4.7.3.1029/arm-gnu-toolchain/bin/../lib/gcc/arm-none-eabi/4.7.3/../../../../arm-none-eabi/lib/armv7e-m\libc.a(lib_a-impure.o)
                              c:/program files (x86)/atmel/atmel toolchain/arm gcc/native/4.7.3.1029/arm-gnu-toolchain/bin/../lib/gcc/arm-none-eabi/4.7.3/../../../../arm-none-eabi/lib/armv7e-m\libc.a(lib_a-__atexit.o) (_global_impure_ptr)
c:/program files (x86)/atmel/atmel toolchain/arm gcc/native/4.7.3.1029/arm-gnu-toolchain/bin/../lib/gcc/arm-none-eabi/4.7.3/../../../../arm-none-eabi/lib/armv7e-m\libc.a(lib_a-init.o)
                              c:/program files (x86)/atmel/atmel toolchain/arm gcc/native/4.7.3.1029/arm-gnu-toolchain/bin/../lib/gcc/arm-none-eabi/4.7.3/../../../../arm-none-eabi/lib/armv7e-m/crt0.o (__libc_init_array)
c:/program files (x86)/atmel/atmel toolchain/arm gcc/native/4.7.3.1029/arm-gnu-toolchain/bin/../lib/gcc/arm-none-eabi/4.7.3/../../../../arm-none-eabi/lib/armv7e-m\libc.a(lib_a-iprintf.o)
                              src/pos_controller.o (iprintf)
c:/program files (x86)/atmel/atmel toolchain/arm gcc/native/4.7.3.1029/arm-gnu-toolchain/bin/../lib/gcc/arm-none-eabi/4.7.3/../../../../arm-none-eabi/lib/armv7e-m\libc.a(lib_a-memset.o)
                              c:/program files (x86)/atmel/atmel toolchain/arm gcc/native/4.7.3.1029/arm-gnu-toolchain/bin/../lib/gcc/arm-none-eabi/4.7.3/../../../../arm-none-eabi/lib/armv7e-m/crt0.o (memset)
c:/program files (x86)/atmel/atmel toolchain/arm gcc/native/4.7.3.1029/arm-gnu-toolchain/bin/../lib/gcc/arm-none-eabi/4.7.3/../../../../arm-none-eabi/lib/armv7e-m\libc.a(lib_a-setbuf.o)
                              src/gpio_example.o (setbuf)
c:/program files (x86)/atmel/atmel toolchain/arm gcc/native/4.7.3.1029/arm-gnu-toolchain/bin/../lib/gcc/arm-none-eabi/4.7.3/../../../../arm-none-eabi/lib/armv7e-m\libc.a(lib_a-setvbuf.o)
                              c:/program files (x86)/atmel/atmel toolchain/arm gcc/native/4.7.3.1029/arm-gnu-toolchain/bin/../lib/gcc/arm-none-eabi/4.7.3/../../../../arm-none-eabi/lib/armv7e-m\libc.a(lib_a-setbuf.o) (setvbuf)
c:/program files (x86)/atmel/atmel toolchain/arm gcc/native/4.7.3.1029/arm-gnu-toolchain/bin/../lib/gcc/arm-none-eabi/4.7.3/../../../../arm-none-eabi/lib/armv7e-m\libc.a(lib_a-vfiprintf.o)
                              c:/program files (x86)/atmel/atmel toolchain/arm gcc/native/4.7.3.1029/arm-gnu-toolchain/bin/../lib/gcc/arm-none-eabi/4.7.3/../../../../arm-none-eabi/lib/armv7e-m\libc.a(lib_a-iprintf.o) (_vfiprintf_r)
c:/program files (x86)/atmel/atmel toolchain/arm gcc/native/4.7.3.1029/arm-gnu-toolchain/bin/../lib/gcc/arm-none-eabi/4.7.3/../../../../arm-none-eabi/lib/armv7e-m\libc.a(lib_a-wsetup.o)
                              c:/program files (x86)/atmel/atmel toolchain/arm gcc/native/4.7.3.1029/arm-gnu-toolchain/bin/../lib/gcc/arm-none-eabi/4.7.3/../../../../arm-none-eabi/lib/armv7e-m\libc.a(lib_a-vfiprintf.o) (__swsetup_r)
[...]
Memory Configuration

Name             Origin             Length             Attributes
rom              0x00000000         0x00040000         xr
ram              0x20000000         0x00008000         xrw
*default*        0x00000000         0xffffffff

Linker script and memory map

LOAD c:/program files (x86)/atmel/atmel toolchain/arm gcc/native/4.7.3.1029/arm-gnu-toolchain/bin/../lib/gcc/arm-none-eabi/4.7.3/armv7e-m/crti.o
LOAD c:/program files (x86)/atmel/atmel toolchain/arm gcc/native/4.7.3.1029/arm-gnu-toolchain/bin/../lib/gcc/arm-none-eabi/4.7.3/armv7e-m/crtbegin.o
LOAD c:/program files (x86)/atmel/atmel toolchain/arm gcc/native/4.7.3.1029/arm-gnu-toolchain/bin/../lib/gcc/arm-none-eabi/4.7.3/../../../../arm-none-eabi/lib/armv7e-m/crt0.o
LOAD src/servo.o
LOAD src/ASF/common/services/delay/sam/cycle_counter.o
LOAD src/ASF/sam/drivers/tc/tc.o
LOAD src/pos_controller.o
LOAD src/motor_shield.o
LOAD src/ASF/common/services/clock/sam4l/dfll.o
LOAD src/ASF/common/services/clock/sam4l/osc.o
LOAD src/ASF/common/services/clock/sam4l/pll.o
LOAD src/ASF/common/services/clock/sam4l/sysclk.o
LOAD src/ASF/common/services/serial/usart_serial.o
LOAD src/ASF/common/services/sleepmgr/sam4l/sleepmgr.o
LOAD src/ASF/common/utils/interrupt/interrupt_sam_nvic.o
LOAD src/ASF/common/utils/stdio/read.o
LOAD src/ASF/common/utils/stdio/write.o
LOAD src/ASF/sam/boards/sam4l_xplained_pro/init.o
LOAD src/ASF/sam/drivers/bpm/bpm.o
LOAD src/ASF/sam/drivers/events/events.o
LOAD src/ASF/sam/drivers/flashcalw/flashcalw.o
LOAD src/ASF/sam/drivers/gpio/gpio.o
LOAD src/ASF/sam/drivers/pdca/pdca.o
LOAD src/ASF/sam/drivers/usart/usart.o
LOAD src/ASF/sam/drivers/wdt/wdt_sam4l.o
LOAD src/ASF/sam/utils/cmsis/sam4l/source/templates/exceptions.o
LOAD src/ASF/sam/utils/cmsis/sam4l/source/templates/gcc/startup_sam4l.o
LOAD src/ASF/sam/utils/cmsis/sam4l/source/templates/system_sam4l.o
LOAD src/ASF/sam/utils/syscalls/gcc/syscalls.o
LOAD src/encoder.o
LOAD src/gpio_example.o
START GROUP
LOAD ../src/ASF/thirdparty/CMSIS/Lib/GCC\libarm_cortexM4l_math.a
LOAD c:/program files (x86)/atmel/atmel toolchain/arm gcc/native/4.7.3.1029/arm-gnu-toolchain/bin/../lib/gcc/arm-none-eabi/4.7.3/../../../../arm-none-eabi/lib/armv7e-m\libm.a
END GROUP
START GROUP
LOAD c:/program files (x86)/atmel/atmel toolchain/arm gcc/native/4.7.3.1029/arm-gnu-toolchain/bin/../lib/gcc/arm-none-eabi/4.7.3/armv7e-m\libgcc.a
LOAD c:/program files (x86)/atmel/atmel toolchain/arm gcc/native/4.7.3.1029/arm-gnu-toolchain/bin/../lib/gcc/arm-none-eabi/4.7.3/../../../../arm-none-eabi/lib/armv7e-m\libc.a
END GROUP
LOAD c:/program files (x86)/atmel/atmel toolchain/arm gcc/native/4.7.3.1029/arm-gnu-toolchain/bin/../lib/gcc/arm-none-eabi/4.7.3/armv7e-m/crtend.o
LOAD c:/program files (x86)/atmel/atmel toolchain/arm gcc/native/4.7.3.1029/arm-gnu-toolchain/bin/../lib/gcc/arm-none-eabi/4.7.3/armv7e-m/crtn.o
                [0x00001000]                __stack_size__ = DEFINED (__stack_size__)?__stack_size__:0x1000

.text           0x00000000     0x5fc0
                0x00000000                . = ALIGN (0x4)
                0x00000000                _sfixed = .
 *(.vectors .vectors.*)
 .vectors       0x00000000      0x180 src/ASF/sam/utils/cmsis/sam4l/source/templates/gcc/startup_sam4l.o
                0x00000000                exception_table
 *(.text .text.* .gnu.linkonce.t.*)
 .text          0x00000180       0xb0 c:/program files (x86)/atmel/atmel toolchain/arm gcc/native/4.7.3.1029/arm-gnu-toolchain/bin/../lib/gcc/arm-none-eabi/4.7.3/armv7e-m/crtbegin.o
 .text.servo_set_duty_cycle
                0x00000230       0xd4 src/servo.o
                0x00000230                servo_set_duty_cycle
 .text.servo_magnet_set
                0x00000304       0x2c src/servo.o
                0x00000304                servo_magnet_set
 .text.servo_init
                0x00000330       0x98 src/servo.o
                0x00000330                servo_init
 .text.tc_init  0x000003c8       0x1c src/ASF/sam/drivers/tc/tc.o
                0x000003c8                tc_init
 .text.tc_start
                0x000003e4        0xc src/ASF/sam/drivers/tc/tc.o
                0x000003e4                tc_start
 .text.tc_read_rc
                0x000003f0        0x8 src/ASF/sam/drivers/tc/tc.o
                0x000003f0                tc_read_rc
 .text.tc_write_ra
                0x000003f8        0x8 src/ASF/sam/drivers/tc/tc.o
                0x000003f8                tc_write_ra
 .text.tc_write_rb
                0x00000400        0x8 src/ASF/sam/drivers/tc/tc.o
                0x00000400                tc_write_rb
 .text.tc_write_rc
                0x00000408        0x8 src/ASF/sam/drivers/tc/tc.o
                0x00000408                tc_write_rc
 .text.controller_set_position
                0x00000410       0x9c src/pos_controller.o
                0x00000410                controller_set_position
 .text.controller_reset_position
                0x000004ac       0x70 src/pos_controller.o
                0x000004ac                controller_reset_position
 .text.controller_move_piece
                0x0000051c       0xf0 src/pos_controller.o
                0x0000051c                controller_move_piece
 .text.ms_set_duty_cycle
                0x0000060c       0xd4 src/motor_shield.o
                0x0000060c                ms_set_duty_cycle
 .text.ms_init  0x000006e0       0xf8 src/motor_shield.o
                0x000006e0                ms_init
 .text.ms_set_dir
                0x000007d8       0x84 src/motor_shield.o
                0x000007d8                ms_set_dir
 .text.osc_priv_enable_rcfast
                0x0000085c       0x54 src/ASF/common/services/clock/sam4l/osc.o
                0x0000085c                osc_priv_enable_rcfast
 .text.sysclk_priv_enable_module
                0x000008b0       0x68 src/ASF/common/services/clock/sam4l/sysclk.o
                0x000008b0                sysclk_priv_enable_module
 .text.sysclk_priv_disable_module
                0x00000918       0x6c src/ASF/common/services/clock/sam4l/sysclk.o
                0x00000918                sysclk_priv_disable_module
 .text.sysclk_enable_pba_module
                0x00000984       0x60 src/ASF/common/services/clock/sam4l/sysclk.o
                0x00000984                sysclk_enable_pba_module
 .text.sysclk_disable_pba_module
                0x000009e4       0x60 src/ASF/common/services/clock/sam4l/sysclk.o
                0x000009e4                sysclk_disable_pba_module
 .text.sysclk_enable_pbb_module
                0x00000a44       0x60 src/ASF/common/services/clock/sam4l/sysclk.o
                0x00000a44                sysclk_enable_pbb_module
 .text.sysclk_disable_pbb_module
                0x00000aa4       0x60 src/ASF/common/services/clock/sam4l/sysclk.o
                0x00000aa4                sysclk_disable_pbb_module
 .text.sysclk_get_peripheral_bus_hz
                0x00000b04      0x2fc src/ASF/common/services/clock/sam4l/sysclk.o
                0x00000b04                sysclk_get_peripheral_bus_hz
 .text.sysclk_enable_peripheral_clock
                0x00000e00      0x6e0 src/ASF/common/services/clock/sam4l/sysclk.o
                0x00000e00                sysclk_enable_peripheral_clock
 .text.sysclk_disable_peripheral_clock
                0x000014e0      0x65c src/ASF/common/services/clock/sam4l/sysclk.o
                0x000014e0                sysclk_disable_peripheral_clock
 .text.sysclk_set_source
                0x00001b3c       0x40 src/ASF/common/services/clock/sam4l/sysclk.o
                0x00001b3c                sysclk_set_source
 .text.sysclk_init
                0x00001b7c       0xe0 src/ASF/common/services/clock/sam4l/sysclk.o
                0x00001b7c                sysclk_init
 .text._read    0x00001c5c       0x88 src/ASF/common/utils/stdio/read.o
                0x00001c5c                _read
 .text._write   0x00001ce4       0xa0 src/ASF/common/utils/stdio/write.o
                0x00001ce4                _write
 .text.board_init
                0x00001d84       0xb0 src/ASF/sam/boards/sam4l_xplained_pro/init.o
                0x00001d84                board_init
 .text.bpm_power_scaling_cpu_failsafe
                0x00001e34       0x78 src/ASF/sam/drivers/bpm/bpm.o
                0x00001e34                bpm_power_scaling_cpu_failsafe
 .text.bpm_enable_fast_wakeup
                0x00001eac       0x1c src/ASF/sam/drivers/bpm/bpm.o
                0x00001eac                bpm_enable_fast_wakeup
 .text.bpm_get_status
                0x00001ec8        0x4 src/ASF/sam/drivers/bpm/bpm.o
                0x00001ec8                bpm_get_status
 .text.flashcalw_set_wait_state
                0x00001ecc       0x24 src/ASF/sam/drivers/flashcalw/flashcalw.o
                0x00001ecc                flashcalw_set_wait_state
 .text.flashcalw_is_ready
                0x00001ef0       0x10 src/ASF/sam/drivers/flashcalw/flashcalw.o
                0x00001ef0                flashcalw_is_ready
 .text.flashcalw_default_wait_until_ready
                0x00001f00       0x14 src/ASF/sam/drivers/flashcalw/flashcalw.o
                0x00001f00                flashcalw_default_wait_until_ready
 .text.flashcalw_issue_command
                0x00001f14       0x64 src/ASF/sam/drivers/flashcalw/flashcalw.o
                0x00001f14                flashcalw_issue_command
 .text.flashcalw_set_flash_waitstate_and_readmode
                0x00001f78       0xe4 src/ASF/sam/drivers/flashcalw/flashcalw.o
                0x00001f78                flashcalw_set_flash_waitstate_and_readmode
 .text.gpio_common_handler
                0x0000205c       0x78 src/ASF/sam/drivers/gpio/gpio.o
 .text.gpio_set_pin_callback
                0x000020d4       0xe8 src/ASF/sam/drivers/gpio/gpio.o
                0x000020d4                gpio_set_pin_callback
 .text.GPIO_0_Handler
                0x000021bc       0x18 src/ASF/sam/drivers/gpio/gpio.o
                0x000021bc                GPIO_0_Handler
 .text.GPIO_1_Handler
                0x000021d4       0x18 src/ASF/sam/drivers/gpio/gpio.o
                0x000021d4                GPIO_1_Handler
 .text.GPIO_2_Handler
                0x000021ec       0x18 src/ASF/sam/drivers/gpio/gpio.o
                0x000021ec                GPIO_2_Handler
 .text.GPIO_3_Handler
                0x00002204       0x18 src/ASF/sam/drivers/gpio/gpio.o
                0x00002204                GPIO_3_Handler
 .text.GPIO_4_Handler
                0x0000221c       0x18 src/ASF/sam/drivers/gpio/gpio.o
                0x0000221c                GPIO_4_Handler
 .text.GPIO_5_Handler
                0x00002234       0x18 src/ASF/sam/drivers/gpio/gpio.o
                0x00002234                GPIO_5_Handler
 .text.GPIO_6_Handler
                0x0000224c       0x18 src/ASF/sam/drivers/gpio/gpio.o
                0x0000224c                GPIO_6_Handler
 .text.GPIO_7_Handler
                0x00002264       0x18 src/ASF/sam/drivers/gpio/gpio.o
                0x00002264                GPIO_7_Handler
 .text.GPIO_8_Handler
                0x0000227c       0x18 src/ASF/sam/drivers/gpio/gpio.o
                0x0000227c                GPIO_8_Handler
 .text.GPIO_9_Handler
                0x00002294       0x18 src/ASF/sam/drivers/gpio/gpio.o
                0x00002294                GPIO_9_Handler
 .text.GPIO_10_Handler
                0x000022ac       0x18 src/ASF/sam/drivers/gpio/gpio.o
                0x000022ac                GPIO_10_Handler
 .text.GPIO_11_Handler
                0x000022c4       0x18 src/ASF/sam/drivers/gpio/gpio.o
                0x000022c4                GPIO_11_Handler
 .text.pdca_channel_get_handler
                0x000022dc       0x14 src/ASF/sam/drivers/pdca/pdca.o
                0x000022dc                pdca_channel_get_handler
 .text.pdca_get_channel_status
                0x000022f0       0x44 src/ASF/sam/drivers/pdca/pdca.o
                0x000022f0                pdca_get_channel_status
 .text.pdca_channel_interrupt
                0x00002334       0x20 src/ASF/sam/drivers/pdca/pdca.o
 .text.PDCA_0_Handler
                0x00002354       0x14 src/ASF/sam/drivers/pdca/pdca.o
                0x00002354                PDCA_0_Handler
 .text.PDCA_1_Handler
                0x00002368       0x14 src/ASF/sam/drivers/pdca/pdca.o
                0x00002368                PDCA_1_Handler
 .text.PDCA_2_Handler
                0x0000237c       0x14 src/ASF/sam/drivers/pdca/pdca.o
                0x0000237c                PDCA_2_Handler
 .text.PDCA_3_Handler
                0x00002390       0x14 src/ASF/sam/drivers/pdca/pdca.o
                0x00002390                PDCA_3_Handler
 .text.PDCA_4_Handler
                0x000023a4       0x14 src/ASF/sam/drivers/pdca/pdca.o
                0x000023a4                PDCA_4_Handler
 .text.PDCA_5_Handler
                0x000023b8       0x14 src/ASF/sam/drivers/pdca/pdca.o
                0x000023b8                PDCA_5_Handler
 .text.PDCA_6_Handler
                0x000023cc       0x14 src/ASF/sam/drivers/pdca/pdca.o
                0x000023cc                PDCA_6_Handler
 .text.PDCA_7_Handler
                0x000023e0       0x14 src/ASF/sam/drivers/pdca/pdca.o
                0x000023e0                PDCA_7_Handler
 .text.PDCA_8_Handler
                0x000023f4       0x14 src/ASF/sam/drivers/pdca/pdca.o
                0x000023f4                PDCA_8_Handler
 .text.PDCA_9_Handler
                0x00002408       0x14 src/ASF/sam/drivers/pdca/pdca.o
                0x00002408                PDCA_9_Handler
 .text.PDCA_10_Handler
                0x0000241c       0x14 src/ASF/sam/drivers/pdca/pdca.o
                0x0000241c                PDCA_10_Handler
 .text.PDCA_11_Handler
                0x00002430       0x14 src/ASF/sam/drivers/pdca/pdca.o
                0x00002430                PDCA_11_Handler
 .text.PDCA_12_Handler
                0x00002444       0x14 src/ASF/sam/drivers/pdca/pdca.o
                0x00002444                PDCA_12_Handler
 .text.PDCA_13_Handler
                0x00002458       0x14 src/ASF/sam/drivers/pdca/pdca.o
                0x00002458                PDCA_13_Handler
 .text.PDCA_14_Handler
                0x0000246c       0x14 src/ASF/sam/drivers/pdca/pdca.o
                0x0000246c                PDCA_14_Handler
 .text.PDCA_15_Handler
                0x00002480       0x14 src/ASF/sam/drivers/pdca/pdca.o
                0x00002480                PDCA_15_Handler
 .text.usart_set_async_baudrate
                0x00002494       0x78 src/ASF/sam/drivers/usart/usart.o
 .text.usart_enable_tx
                0x0000250c        0x8 src/ASF/sam/drivers/usart/usart.o
                0x0000250c                usart_enable_tx
 .text.usart_reset_tx
                0x00002514        0x8 src/ASF/sam/drivers/usart/usart.o
                0x00002514                usart_reset_tx
 .text.usart_enable_rx
                0x0000251c        0x8 src/ASF/sam/drivers/usart/usart.o
                0x0000251c                usart_enable_rx
 .text.usart_reset_rx
                0x00002524        0x8 src/ASF/sam/drivers/usart/usart.o
                0x00002524                usart_reset_rx
 .text.usart_reset_status
                0x0000252c        0x8 src/ASF/sam/drivers/usart/usart.o
                0x0000252c                usart_reset_status
 .text.usart_drive_DTR_pin_high
                0x00002534        0x8 src/ASF/sam/drivers/usart/usart.o
                0x00002534                usart_drive_DTR_pin_high
 .text.usart_drive_RTS_pin_high
                0x0000253c        0x8 src/ASF/sam/drivers/usart/usart.o
                0x0000253c                usart_drive_RTS_pin_high
 .text.usart_write
                0x00002544       0x20 src/ASF/sam/drivers/usart/usart.o
                0x00002544                usart_write
 .text.usart_read
                0x00002564       0x20 src/ASF/sam/drivers/usart/usart.o
                0x00002564                usart_read
 .text.usart_disable_writeprotect
                0x00002584       0x10 src/ASF/sam/drivers/usart/usart.o
                0x00002584                usart_disable_writeprotect
 .text.usart_reset
                0x00002594       0x58 src/ASF/sam/drivers/usart/usart.o
                0x00002594                usart_reset
 .text.usart_init_rs232
                0x000025ec       0x64 src/ASF/sam/drivers/usart/usart.o
                0x000025ec                usart_init_rs232
 .text.wdt_set_ctrl
                0x00002650       0x48 src/ASF/sam/drivers/wdt/wdt_sam4l.o
 .text.wdt_get_config_defaults
                0x00002698       0x1c src/ASF/sam/drivers/wdt/wdt_sam4l.o
                0x00002698                wdt_get_config_defaults
 .text.wdt_init
                0x000026b4       0xcc src/ASF/sam/drivers/wdt/wdt_sam4l.o
                0x000026b4                wdt_init
 .text.wdt_disable
                0x00002780       0x2c src/ASF/sam/drivers/wdt/wdt_sam4l.o
                0x00002780                wdt_disable
 .text.Dummy_Handler
                0x000027ac        0x4 src/ASF/sam/utils/cmsis/sam4l/source/templates/exceptions.o
                0x000027ac                EIC_5_Handler
                0x000027ac                DACC_Handler
                0x000027ac                DebugMon_Handler
                0x000027ac                TRNG_Handler
                0x000027ac                HardFault_Handler
                0x000027ac                SPI_Handler
                0x000027ac                EIC_4_Handler
                0x000027ac                SysTick_Handler
                0x000027ac                USART3_Handler
                0x000027ac                AST_PER_Handler
                0x000027ac                AST_CLKREADY_Handler
                0x000027ac                AST_OVF_Handler
                0x000027ac                PendSV_Handler
                0x000027ac                NMI_Handler
                0x000027ac                SCIF_Handler
                0x000027ac                CRCCU_Handler
                0x000027ac                USART0_Handler
                0x000027ac                EIC_3_Handler
                0x000027ac                TWIM3_Handler
                0x000027ac                UsageFault_Handler
                0x000027ac                TC12_Handler
                0x000027ac                BPM_Handler
                0x000027ac                PARC_Handler
                0x000027ac                WDT_Handler
                0x000027ac                EIC_8_Handler
                0x000027ac                TWIS0_Handler
                0x000027ac                TWIS1_Handler
                0x000027ac                TWIM2_Handler
                0x000027ac                AESA_Handler
                0x000027ac                Dummy_Handler
                0x000027ac                ABDACB_Handler
                0x000027ac                CATB_Handler
                0x000027ac                LCDCA_Handler
                0x000027ac                USART1_Handler
                0x000027ac                AST_READY_Handler
                0x000027ac                AST_ALARM_Handler
                0x000027ac                TWIM0_Handler
                0x000027ac                PM_Handler
                0x000027ac                TC11_Handler
                0x000027ac                ACIFC_Handler
                0x000027ac                TC00_Handler
                0x000027ac                TC02_Handler
                0x000027ac                MemManage_Handler
                0x000027ac                SVC_Handler
                0x000027ac                ADCIFE_Handler
                0x000027ac                EIC_2_Handler
                0x000027ac                PEVC_TR_Handler
                0x000027ac                USART2_Handler
                0x000027ac                EIC_6_Handler
                0x000027ac                TC10_Handler
                0x000027ac                TWIM1_Handler
                0x000027ac                EIC_1_Handler
                0x000027ac                EIC_7_Handler
                0x000027ac                HFLASHC_Handler
                0x000027ac                TC01_Handler
                0x000027ac                BSCIF_Handler
                0x000027ac                USBC_Handler
                0x000027ac                IISC_Handler
                0x000027ac                BusFault_Handler
                0x000027ac                FREQM_Handler
                0x000027ac                PEVC_OV_Handler
 .text.Reset_Handler
                0x000027b0      0x11c src/ASF/sam/utils/cmsis/sam4l/source/templates/gcc/startup_sam4l.o
                0x000027b0                Reset_Handler
 .text._sbrk    0x000028cc       0x30 src/ASF/sam/utils/syscalls/gcc/syscalls.o
                0x000028cc                _sbrk
 .text._close   0x000028fc        0x8 src/ASF/sam/utils/syscalls/gcc/syscalls.o
                0x000028fc                _close
 .text._fstat   0x00002904        0xc src/ASF/sam/utils/syscalls/gcc/syscalls.o
                0x00002904                _fstat
 .text._isatty  0x00002910        0x8 src/ASF/sam/utils/syscalls/gcc/syscalls.o
                0x00002910                _isatty
 .text._lseek   0x00002918        0x8 src/ASF/sam/utils/syscalls/gcc/syscalls.o
                0x00002918                _lseek
 .text.x_axis_callback
                0x00002920       0x4c src/encoder.o
 .text.y_axis_callback
                0x0000296c       0x4c src/encoder.o
 .text.encoder_read_x_pos
                0x000029b8        0xc src/encoder.o
                0x000029b8                encoder_read_x_pos
 .text.encoder_read_y_pos
                0x000029c4        0xc src/encoder.o
                0x000029c4                encoder_read_y_pos
 .text.encoder_reset_pos_x
                0x000029d0       0x10 src/encoder.o
                0x000029d0                encoder_reset_pos_x
 .text.encoder_reset_pos_y
                0x000029e0       0x10 src/encoder.o
                0x000029e0                encoder_reset_pos_y
 .text.encoder_init_gpio
                0x000029f0      0x1bc src/encoder.o
                0x000029f0                encoder_init_gpio
 .text.usart_serial_getchar
                0x00002bac       0xc0 src/gpio_example.o
 .text.usart_serial_putchar
                0x00002c6c       0xbc src/gpio_example.o
 .text.pb0_callback
                0x00002d28       0x40 src/gpio_example.o
 .text.main     0x00002d68      0x1c0 src/gpio_example.o
                0x00002d68                main
 .text          0x00002f28      0x370 c:/program files (x86)/atmel/atmel toolchain/arm gcc/native/4.7.3.1029/arm-gnu-toolchain/bin/../lib/gcc/arm-none-eabi/4.7.3/armv7e-m\libgcc.a(_arm_addsubdf3.o)
                0x00002f28                __aeabi_drsub
                0x00002f30                __aeabi_dsub
                0x00002f30                __subdf3
                0x00002f34                __aeabi_dadd
                0x00002f34                __adddf3
                0x000031ac                __floatunsidf
                0x000031ac                __aeabi_ui2d
                0x000031cc                __floatsidf
                0x000031cc                __aeabi_i2d
                0x000031f0                __aeabi_f2d
                0x000031f0                __extendsfdf2
                0x0000322c                __floatundidf
                0x0000322c                __aeabi_ul2d
                0x0000323c                __floatdidf
                0x0000323c                __aeabi_l2d
 .text          0x00003298      0x424 c:/program files (x86)/atmel/atmel toolchain/arm gcc/native/4.7.3.1029/arm-gnu-toolchain/bin/../lib/gcc/arm-none-eabi/4.7.3/armv7e-m\libgcc.a(_arm_muldivdf3.o)
                0x00003298                __aeabi_dmul
                0x00003298                __muldf3
                0x000034ec                __divdf3
                0x000034ec                __aeabi_ddiv
 .text          0x000036bc       0x40 c:/program files (x86)/atmel/atmel toolchain/arm gcc/native/4.7.3.1029/arm-gnu-toolchain/bin/../lib/gcc/arm-none-eabi/4.7.3/armv7e-m\libgcc.a(_arm_fixunsdfsi.o)
                0x000036bc                __aeabi_d2uiz
                0x000036bc                __fixunsdfsi
 .text          0x000036fc       0x9c c:/program files (x86)/atmel/atmel toolchain/arm gcc/native/4.7.3.1029/arm-gnu-toolchain/bin/../lib/gcc/arm-none-eabi/4.7.3/../../../../arm-none-eabi/lib/armv7e-m\libc.a(lib_a-__atexit.o)
                0x000036fc                __register_exitproc
 .text          0x00003798       0x2c c:/program files (x86)/atmel/atmel toolchain/arm gcc/native/4.7.3.1029/arm-gnu-toolchain/bin/../lib/gcc/arm-none-eabi/4.7.3/../../../../arm-none-eabi/lib/armv7e-m\libc.a(lib_a-fini.o)
                0x00003798                __libc_fini_array
 .text          0x000037c4       0x4c c:/program files (x86)/atmel/atmel toolchain/arm gcc/native/4.7.3.1029/arm-gnu-toolchain/bin/../lib/gcc/arm-none-eabi/4.7.3/../../../../arm-none-eabi/lib/armv7e-m\libc.a(lib_a-init.o)
                0x000037c4                __libc_init_array
 .text          0x00003810       0x40 c:/program files (x86)/atmel/atmel toolchain/arm gcc/native/4.7.3.1029/arm-gnu-toolchain/bin/../lib/gcc/arm-none-eabi/4.7.3/../../../../arm-none-eabi/lib/armv7e-m\libc.a(lib_a-iprintf.o)
                0x00003810                iprintf
                0x00003834                _iprintf_r
 .text          0x00003850       0x10 c:/program files (x86)/atmel/atmel toolchain/arm gcc/native/4.7.3.1029/arm-gnu-toolchain/bin/../lib/gcc/arm-none-eabi/4.7.3/../../../../arm-none-eabi/lib/armv7e-m\libc.a(lib_a-memset.o)
                0x00003850                memset
 .text          0x00003860       0x10 c:/program files (x86)/atmel/atmel toolchain/arm gcc/native/4.7.3.1029/arm-gnu-toolchain/bin/../lib/gcc/arm-none-eabi/4.7.3/../../../../arm-none-eabi/lib/armv7e-m\libc.a(lib_a-setbuf.o)
                0x00003860                setbuf
 .text          0x00003870       0xec c:/program files (x86)/atmel/atmel toolchain/arm gcc/native/4.7.3.1029/arm-gnu-toolchain/bin/../lib/gcc/arm-none-eabi/4.7.3/../../../../arm-none-eabi/lib/armv7e-m\libc.a(lib_a-setvbuf.o)
                0x00003870                setvbuf
 .text          0x0000395c      0x918 c:/program files (x86)/atmel/atmel toolchain/arm gcc/native/4.7.3.1029/arm-gnu-toolchain/bin/../lib/gcc/arm-none-eabi/4.7.3/../../../../arm-none-eabi/lib/armv7e-m\libc.a(lib_a-vfiprintf.o)
                0x0000395c                __sprint_r
                0x000039c4                _vfiprintf_r
                0x00004256                vfiprintf
 .text          0x00004274       0xb8 c:/program files (x86)/atmel/atmel toolchain/arm gcc/native/4.7.3.1029/arm-gnu-toolchain/bin/../lib/gcc/arm-none-eabi/4.7.3/../../../../arm-none-eabi/lib/armv7e-m\libc.a(lib_a-wsetup.o)
                0x00004274                __swsetup_r
 .text.startup  0x0000432c       0x14 c:/program files (x86)/atmel/atmel toolchain/arm gcc/native/4.7.3.1029/arm-gnu-toolchain/bin/../lib/gcc/arm-none-eabi/4.7.3/../../../../arm-none-eabi/lib/armv7e-m\libc.a(lib_a-__call_atexit.o)
 .text          0x00004340        0xc c:/program files (x86)/atmel/atmel toolchain/arm gcc/native/4.7.3.1029/arm-gnu-toolchain/bin/../lib/gcc/arm-none-eabi/4.7.3/../../../../arm-none-eabi/lib/armv7e-m\libc.a(lib_a-atexit.o)
                0x00004340                atexit
 .text          0x0000434c      0x154 c:/program files (x86)/atmel/atmel toolchain/arm gcc/native/4.7.3.1029/arm-gnu-toolchain/bin/../lib/gcc/arm-none-eabi/4.7.3/../../../../arm-none-eabi/lib/armv7e-m\libc.a(lib_a-fflush.o)
                0x0000434c                _fflush_r
                0x0000447c                fflush
 .text          0x000044a0      0x18c c:/program files (x86)/atmel/atmel toolchain/arm gcc/native/4.7.3.1029/arm-gnu-toolchain/bin/../lib/gcc/arm-none-eabi/4.7.3/../../../../arm-none-eabi/lib/armv7e-m\libc.a(lib_a-findfp.o)
                0x000044a8                _cleanup_r
                0x000044fc                __sfmoreglue
                0x00004526                _cleanup
                0x00004534                __sinit
                0x00004580                __sfp
                0x000045fc                __sfp_lock_acquire
                0x000045fe                __sfp_lock_release
                0x00004600                __sinit_lock_acquire
                0x00004602                __sinit_lock_release
                0x00004604                __fp_lock_all
                0x00004618                __fp_unlock_all
 .text          0x0000462c       0xe8 c:/program files (x86)/atmel/atmel toolchain/arm gcc/native/4.7.3.1029/arm-gnu-toolchain/bin/../lib/gcc/arm-none-eabi/4.7.3/../../../../arm-none-eabi/lib/armv7e-m\libc.a(lib_a-fputwc.o)
                0x0000462c                _fputwc_r
                0x000046ec                fputwc
 .text          0x00004714      0x208 c:/program files (x86)/atmel/atmel toolchain/arm gcc/native/4.7.3.1029/arm-gnu-toolchain/bin/../lib/gcc/arm-none-eabi/4.7.3/../../../../arm-none-eabi/lib/armv7e-m\libc.a(lib_a-freer.o)
                0x00004714                _malloc_trim_r
                0x000047b0                _free_r
 .text          0x0000491c      0x2b6 c:/program files (x86)/atmel/atmel toolchain/arm gcc/native/4.7.3.1029/arm-gnu-toolchain/bin/../lib/gcc/arm-none-eabi/4.7.3/../../../../arm-none-eabi/lib/armv7e-m\libc.a(lib_a-fvwrite.o)
                0x0000491c                __sfvwrite_r
 .text          0x00004bd2       0x86 c:/program files (x86)/atmel/atmel toolchain/arm gcc/native/4.7.3.1029/arm-gnu-toolchain/bin/../lib/gcc/arm-none-eabi/4.7.3/../../../../arm-none-eabi/lib/armv7e-m\libc.a(lib_a-fwalk.o)
                0x00004bd2                _fwalk
                0x00004c14                _fwalk_reent
 .text          0x00004c58       0x88 c:/program files (x86)/atmel/atmel toolchain/arm gcc/native/4.7.3.1029/arm-gnu-toolchain/bin/../lib/gcc/arm-none-eabi/4.7.3/../../../../arm-none-eabi/lib/armv7e-m\libc.a(lib_a-locale.o)
                0x00004c58                _setlocale_r
                0x00004c9c                __locale_charset
                0x00004ca4                __locale_mb_cur_max
                0x00004cb0                __locale_msgcharset
                0x00004cb8                __locale_cjk_lang
                0x00004cbc                _localeconv_r
                0x00004cc4                setlocale
                0x00004cd8                localeconv
 .text          0x00004ce0       0xd8 c:/program files (x86)/atmel/atmel toolchain/arm gcc/native/4.7.3.1029/arm-gnu-toolchain/bin/../lib/gcc/arm-none-eabi/4.7.3/../../../../arm-none-eabi/lib/armv7e-m\libc.a(lib_a-makebuf.o)
                0x00004ce0                __smakebuf_r
 .text          0x00004db8       0x20 c:/program files (x86)/atmel/atmel toolchain/arm gcc/native/4.7.3.1029/arm-gnu-toolchain/bin/../lib/gcc/arm-none-eabi/4.7.3/../../../../arm-none-eabi/lib/armv7e-m\libc.a(lib_a-malloc.o)
                0x00004db8                malloc
                0x00004dc8                free
 .text          0x00004dd8      0x404 c:/program files (x86)/atmel/atmel toolchain/arm gcc/native/4.7.3.1029/arm-gnu-toolchain/bin/../lib/gcc/arm-none-eabi/4.7.3/../../../../arm-none-eabi/lib/armv7e-m\libc.a(lib_a-mallocr.o)
                0x00004dd8                _malloc_r
 .text          0x000051dc       0x1c c:/program files (x86)/atmel/atmel toolchain/arm gcc/native/4.7.3.1029/arm-gnu-toolchain/bin/../lib/gcc/arm-none-eabi/4.7.3/../../../../arm-none-eabi/lib/armv7e-m\libc.a(lib_a-memchr.o)
                0x000051dc                memchr
 .text          0x000051f8       0x12 c:/program files (x86)/atmel/atmel toolchain/arm gcc/native/4.7.3.1029/arm-gnu-toolchain/bin/../lib/gcc/arm-none-eabi/4.7.3/../../../../arm-none-eabi/lib/armv7e-m\libc.a(lib_a-memcpy.o)
                0x000051f8                memcpy
 .text          0x0000520a       0x34 c:/program files (x86)/atmel/atmel toolchain/arm gcc/native/4.7.3.1029/arm-gnu-toolchain/bin/../lib/gcc/arm-none-eabi/4.7.3/../../../../arm-none-eabi/lib/armv7e-m\libc.a(lib_a-memmove.o)
                0x0000520a                memmove
 .text          0x0000523e        0x4 c:/program files (x86)/atmel/atmel toolchain/arm gcc/native/4.7.3.1029/arm-gnu-toolchain/bin/../lib/gcc/arm-none-eabi/4.7.3/../../../../arm-none-eabi/lib/armv7e-m\libc.a(lib_a-mlock.o)
                0x0000523e                __malloc_lock
                0x00005240                __malloc_unlock
 *fill*         0x00005242        0x2 00
 .text          0x00005244      0x2dc c:/program files (x86)/atmel/atmel toolchain/arm gcc/native/4.7.3.1029/arm-gnu-toolchain/bin/../lib/gcc/arm-none-eabi/4.7.3/../../../../arm-none-eabi/lib/armv7e-m\libc.a(lib_a-reallocr.o)
                0x00005244                _realloc_r
 .text          0x00005520       0x20 c:/program files (x86)/atmel/atmel toolchain/arm gcc/native/4.7.3.1029/arm-gnu-toolchain/bin/../lib/gcc/arm-none-eabi/4.7.3/../../../../arm-none-eabi/lib/armv7e-m\libc.a(lib_a-sbrkr.o)
                0x00005520                _sbrk_r
 .text          0x00005540       0x8e c:/program files (x86)/atmel/atmel toolchain/arm gcc/native/4.7.3.1029/arm-gnu-toolchain/bin/../lib/gcc/arm-none-eabi/4.7.3/../../../../arm-none-eabi/lib/armv7e-m\libc.a(lib_a-stdio.o)
                0x00005540                __sread
                0x00005562                __seofread
                0x00005566                __swrite
                0x000055a2                __sseek
                0x000055c6                __sclose
 .text          0x000055ce       0x16 c:/program files (x86)/atmel/atmel toolchain/arm gcc/native/4.7.3.1029/arm-gnu-toolchain/bin/../lib/gcc/arm-none-eabi/4.7.3/../../../../arm-none-eabi/lib/armv7e-m\libc.a(lib_a-strcmp.o)
                0x000055ce                strcmp
 .text          0x000055e4       0x10 c:/program files (x86)/atmel/atmel toolchain/arm gcc/native/4.7.3.1029/arm-gnu-toolchain/bin/../lib/gcc/arm-none-eabi/4.7.3/../../../../arm-none-eabi/lib/armv7e-m\libc.a(lib_a-strlen.o)
                0x000055e4                strlen
 .text          0x000055f4       0xb4 c:/program files (x86)/atmel/atmel toolchain/arm gcc/native/4.7.3.1029/arm-gnu-toolchain/bin/../lib/gcc/arm-none-eabi/4.7.3/../../../../arm-none-eabi/lib/armv7e-m\libc.a(lib_a-wbuf.o)
                0x000055f4                __swbuf_r
                0x00005696                __swbuf
 .text          0x000056a8       0x68 c:/program files (x86)/atmel/atmel toolchain/arm gcc/native/4.7.3.1029/arm-gnu-toolchain/bin/../lib/gcc/arm-none-eabi/4.7.3/../../../../arm-none-eabi/lib/armv7e-m\libc.a(lib_a-wcrtomb.o)
                0x000056a8                _wcrtomb_r
                0x000056f4                wcrtomb
 .text          0x00005710       0x44 c:/program files (x86)/atmel/atmel toolchain/arm gcc/native/4.7.3.1029/arm-gnu-toolchain/bin/../lib/gcc/arm-none-eabi/4.7.3/../../../../arm-none-eabi/lib/armv7e-m\libc.a(lib_a-wctomb_r.o)
                0x00005710                __ascii_wctomb
                0x0000572a                _wctomb_r
 .text          0x00005754       0x24 c:/program files (x86)/atmel/atmel toolchain/arm gcc/native/4.7.3.1029/arm-gnu-toolchain/bin/../lib/gcc/arm-none-eabi/4.7.3/../../../../arm-none-eabi/lib/armv7e-m\libc.a(lib_a-writer.o)
                0x00005754                _write_r
 .text          0x00005778       0x20 c:/program files (x86)/atmel/atmel toolchain/arm gcc/native/4.7.3.1029/arm-gnu-toolchain/bin/../lib/gcc/arm-none-eabi/4.7.3/../../../../arm-none-eabi/lib/armv7e-m\libc.a(lib_a-closer.o)
                0x00005778                _close_r
 .text          0x00005798       0x94 c:/program files (x86)/atmel/atmel toolchain/arm gcc/native/4.7.3.1029/arm-gnu-toolchain/bin/../lib/gcc/arm-none-eabi/4.7.3/../../../../arm-none-eabi/lib/armv7e-m\libc.a(lib_a-fclose.o)
                0x00005798                _fclose_r
                0x0000581c                fclose
 .text          0x0000582c       0x24 c:/program files (x86)/atmel/atmel toolchain/arm gcc/native/4.7.3.1029/arm-gnu-toolchain/bin/../lib/gcc/arm-none-eabi/4.7.3/../../../../arm-none-eabi/lib/armv7e-m\libc.a(lib_a-fstatr.o)
                0x0000582c                _fstat_r
 .text          0x00005850       0x20 c:/program files (x86)/atmel/atmel toolchain/arm gcc/native/4.7.3.1029/arm-gnu-toolchain/bin/../lib/gcc/arm-none-eabi/4.7.3/../../../../arm-none-eabi/lib/armv7e-m\libc.a(lib_a-isattyr.o)
                0x00005850                _isatty_r
 .text          0x00005870       0x24 c:/program files (x86)/atmel/atmel toolchain/arm gcc/native/4.7.3.1029/arm-gnu-toolchain/bin/../lib/gcc/arm-none-eabi/4.7.3/../../../../arm-none-eabi/lib/armv7e-m\libc.a(lib_a-lseekr.o)
                0x00005870                _lseek_r
 .text          0x00005894       0x24 c:/program files (x86)/atmel/atmel toolchain/arm gcc/native/4.7.3.1029/arm-gnu-toolchain/bin/../lib/gcc/arm-none-eabi/4.7.3/../../../../arm-none-eabi/lib/armv7e-m\libc.a(lib_a-readr.o)
                0x00005894                _read_r
 .text          0x000058b8       0x2c c:/program files (x86)/atmel/atmel toolchain/arm gcc/native/4.7.3.1029/arm-gnu-toolchain/bin/../lib/gcc/arm-none-eabi/4.7.3/armv7e-m\libgcc.a(_aeabi_uldivmod.o)
                0x000058b8                __aeabi_uldivmod
 .text          0x000058e4       0x58 c:/program files (x86)/atmel/atmel toolchain/arm gcc/native/4.7.3.1029/arm-gnu-toolchain/bin/../lib/gcc/arm-none-eabi/4.7.3/armv7e-m\libgcc.a(bpabi.o)
                0x000058e4                __gnu_ldivmod_helper
                0x00005910                __gnu_uldivmod_helper
 .text          0x0000593c        0x4 c:/program files (x86)/atmel/atmel toolchain/arm gcc/native/4.7.3.1029/arm-gnu-toolchain/bin/../lib/gcc/arm-none-eabi/4.7.3/armv7e-m\libgcc.a(_dvmd_tls.o)
                0x0000593c                __aeabi_idiv0
                0x0000593c                __aeabi_ldiv0
 .text          0x00005940      0x2bc c:/program files (x86)/atmel/atmel toolchain/arm gcc/native/4.7.3.1029/arm-gnu-toolchain/bin/../lib/gcc/arm-none-eabi/4.7.3/armv7e-m\libgcc.a(_divdi3.o)
                0x00005940                __divdi3
 .text          0x00005bfc      0x288 c:/program files (x86)/atmel/atmel toolchain/arm gcc/native/4.7.3.1029/arm-gnu-toolchain/bin/../lib/gcc/arm-none-eabi/4.7.3/armv7e-m\libgcc.a(_udivdi3.o)
                0x00005bfc                __udivdi3
 *(.glue_7t)
 .glue_7t       0x00000000        0x0 linker stubs
 *(.glue_7)
 .glue_7        0x00000000        0x0 linker stubs
 *(.rodata .rodata* .gnu.linkonce.r.*)
 .rodata.str1.4
                0x00005e84        0xd src/pos_controller.o
                                 0x10 (size before relaxing)
 *fill*         0x00005e91        0x3 00
 .rodata.str1.4
                0x00005e94       0x1c src/encoder.o
 .rodata.str1.4
                0x00005eb0       0x9c src/gpio_example.o
                                 0xc8 (size before relaxing)
 .rodata        0x00005f4c        0x4 c:/program files (x86)/atmel/atmel toolchain/arm gcc/native/4.7.3.1029/arm-gnu-toolchain/bin/../lib/gcc/arm-none-eabi/4.7.3/../../../../arm-none-eabi/lib/armv7e-m\libc.a(lib_a-impure.o)
                0x00005f4c                _global_impure_ptr
 .rodata.str1.1
                0x00005f50        0x2 c:/program files (x86)/atmel/atmel toolchain/arm gcc/native/4.7.3.1029/arm-gnu-toolchain/bin/../lib/gcc/arm-none-eabi/4.7.3/../../../../arm-none-eabi/lib/armv7e-m\libc.a(lib_a-impure.o)
 .rodata        0x00005f52       0x20 c:/program files (x86)/atmel/atmel toolchain/arm gcc/native/4.7.3.1029/arm-gnu-toolchain/bin/../lib/gcc/arm-none-eabi/4.7.3/../../../../arm-none-eabi/lib/armv7e-m\libc.a(lib_a-vfiprintf.o)
 .rodata.str1.1
                0x00005f72       0x22 c:/program files (x86)/atmel/atmel toolchain/arm gcc/native/4.7.3.1029/arm-gnu-toolchain/bin/../lib/gcc/arm-none-eabi/4.7.3/../../../../arm-none-eabi/lib/armv7e-m\libc.a(lib_a-vfiprintf.o)
 .rodata.str1.1
                0x00005f94        0x8 c:/program files (x86)/atmel/atmel toolchain/arm gcc/native/4.7.3.1029/arm-gnu-toolchain/bin/../lib/gcc/arm-none-eabi/4.7.3/../../../../arm-none-eabi/lib/armv7e-m\libc.a(lib_a-locale.o)
                                  0xb (size before relaxing)
 *(.ARM.extab* .gnu.linkonce.armextab.*)
                0x00005f9c                . = ALIGN (0x4)
 *(.init)
 .init          0x00005f9c        0x4 c:/program files (x86)/atmel/atmel toolchain/arm gcc/native/4.7.3.1029/arm-gnu-toolchain/bin/../lib/gcc/arm-none-eabi/4.7.3/armv7e-m/crti.o
                0x00005f9c                _init
 .init          0x00005fa0        0x8 c:/program files (x86)/atmel/atmel toolchain/arm gcc/native/4.7.3.1029/arm-gnu-toolchain/bin/../lib/gcc/arm-none-eabi/4.7.3/armv7e-m/crtn.o
                0x00005fa8                . = ALIGN (0x4)
                0x00005fa8                __preinit_array_start = .
 *(.preinit_array)
                0x00005fa8                __preinit_array_end = .
                0x00005fa8                . = ALIGN (0x4)
                0x00005fa8                __init_array_start = .
 *(SORT(.init_array.*))
 .init_array.00000
                0x00005fa8        0x4 c:/program files (x86)/atmel/atmel toolchain/arm gcc/native/4.7.3.1029/arm-gnu-toolchain/bin/../lib/gcc/arm-none-eabi/4.7.3/../../../../arm-none-eabi/lib/armv7e-m\libc.a(lib_a-__call_atexit.o)
 *(.init_array)
 .init_array    0x00005fac        0x4 c:/program files (x86)/atmel/atmel toolchain/arm gcc/native/4.7.3.1029/arm-gnu-toolchain/bin/../lib/gcc/arm-none-eabi/4.7.3/armv7e-m/crtbegin.o
                0x00005fb0                __init_array_end = .
                0x00005fb0                . = ALIGN (0x4)
 *crtbegin.o(.ctors)
 *(EXCLUDE_FILE(*crtend.o) .ctors)
 *(SORT(.ctors.*))
 *crtend.o(.ctors)
                0x00005fb0                . = ALIGN (0x4)
 *(.fini)
 .fini          0x00005fb0        0x4 c:/program files (x86)/atmel/atmel toolchain/arm gcc/native/4.7.3.1029/arm-gnu-toolchain/bin/../lib/gcc/arm-none-eabi/4.7.3/armv7e-m/crti.o
                0x00005fb0                _fini
 .fini          0x00005fb4        0x8 c:/program files (x86)/atmel/atmel toolchain/arm gcc/native/4.7.3.1029/arm-gnu-toolchain/bin/../lib/gcc/arm-none-eabi/4.7.3/armv7e-m/crtn.o
                0x00005fbc                . = ALIGN (0x4)
                0x00005fbc                __fini_array_start = .
 *(.fini_array)
 .fini_array    0x00005fbc        0x4 c:/program files (x86)/atmel/atmel toolchain/arm gcc/native/4.7.3.1029/arm-gnu-toolchain/bin/../lib/gcc/arm-none-eabi/4.7.3/armv7e-m/crtbegin.o
 *(SORT(.fini_array.*))
                0x00005fc0                __fini_array_end = .
 *crtbegin.o(.dtors)
 *(EXCLUDE_FILE(*crtend.o) .dtors)
 *(SORT(.dtors.*))
 *crtend.o(.dtors)
                0x00005fc0                . = ALIGN (0x4)
                0x00005fc0                _efixed = .
                0x00005fc0                PROVIDE (__exidx_start, .)

.vfp11_veneer   0x00005fc0        0x0
 .vfp11_veneer  0x00000000        0x0 linker stubs

.v4_bx          0x00005fc0        0x0
 .v4_bx         0x00000000        0x0 linker stubs

.iplt           0x00005fc0        0x0
 .iplt          0x00000000        0x0 c:/program files (x86)/atmel/atmel toolchain/arm gcc/native/4.7.3.1029/arm-gnu-toolchain/bin/../lib/gcc/arm-none-eabi/4.7.3/armv7e-m/crtbegin.o

.ARM.exidx      0x00005fc0        0x8
 *(.ARM.exidx* .gnu.linkonce.armexidx.*)
 .ARM.exidx     0x00005fc0        0x8 c:/program files (x86)/atmel/atmel toolchain/arm gcc/native/4.7.3.1029/arm-gnu-toolchain/bin/../lib/gcc/arm-none-eabi/4.7.3/armv7e-m\libgcc.a(_divdi3.o)
 .ARM.exidx     0x00005fc8        0x0 c:/program files (x86)/atmel/atmel toolchain/arm gcc/native/4.7.3.1029/arm-gnu-toolchain/bin/../lib/gcc/arm-none-eabi/4.7.3/armv7e-m\libgcc.a(_udivdi3.o)
                                  0x8 (size before relaxing)
                0x00005fc8                PROVIDE (__exidx_end, .)

.eh_frame       0x00005fc8        0x0
 .eh_frame      0x00005fc8        0x0 c:/program files (x86)/atmel/atmel toolchain/arm gcc/native/4.7.3.1029/arm-gnu-toolchain/bin/../lib/gcc/arm-none-eabi/4.7.3/armv7e-m/crtbegin.o

.rel.dyn        0x00005fc8        0x0
 .rel.iplt      0x00000000        0x0 c:/program files (x86)/atmel/atmel toolchain/arm gcc/native/4.7.3.1029/arm-gnu-toolchain/bin/../lib/gcc/arm-none-eabi/4.7.3/armv7e-m/crtbegin.o

.jcr            0x00005fc8        0x0
 .jcr           0x00005fc8        0x0 c:/program files (x86)/atmel/atmel toolchain/arm gcc/native/4.7.3.1029/arm-gnu-toolchain/bin/../lib/gcc/arm-none-eabi/4.7.3/armv7e-m/crtbegin.o

.tm_clone_table
                0x00005fc8        0x0
 .tm_clone_table
                0x00005fc8        0x0 c:/program files (x86)/atmel/atmel toolchain/arm gcc/native/4.7.3.1029/arm-gnu-toolchain/bin/../lib/gcc/arm-none-eabi/4.7.3/armv7e-m/crtbegin.o
 .tm_clone_table
                0x00005fc8        0x0 c:/program files (x86)/atmel/atmel toolchain/arm gcc/native/4.7.3.1029/arm-gnu-toolchain/bin/../lib/gcc/arm-none-eabi/4.7.3/armv7e-m/crtend.o

.igot.plt       0x00005fc8        0x0
 .igot.plt      0x00000000        0x0 c:/program files (x86)/atmel/atmel toolchain/arm gcc/native/4.7.3.1029/arm-gnu-toolchain/bin/../lib/gcc/arm-none-eabi/4.7.3/armv7e-m/crtbegin.o
                0x00005fc8                . = ALIGN (0x4)
                0x00005fc8                _etext = .

.relocate       0x20000000      0x910 load address 0x00005fc8
                0x20000000                . = ALIGN (0x4)
                0x20000000                _srelocate = .
 *(.ramfunc .ramfunc.*)
 .ramfunc       0x20000000        0xc src/ASF/common/services/delay/sam/cycle_counter.o
                0x20000000                portable_delay_cycles
 .ramfunc       0x2000000c       0x38 src/ASF/sam/drivers/bpm/bpm.o
                0x2000000c                bpm_ps_no_halt_exec
 *(.data .data.*)
 .data.g_interrupt_enabled
                0x20000044        0x1 src/ASF/common/utils/interrupt/interrupt_sam_nvic.o
                0x20000044                g_interrupt_enabled
 *fill*         0x20000045        0x3 00
 .data.flashcalw_wait_until_ready
                0x20000048        0x4 src/ASF/sam/drivers/flashcalw/flashcalw.o
                0x20000048                flashcalw_wait_until_ready
 *fill*         0x2000004c        0x4 00
 .data          0x20000050      0x430 c:/program files (x86)/atmel/atmel toolchain/arm gcc/native/4.7.3.1029/arm-gnu-toolchain/bin/../lib/gcc/arm-none-eabi/4.7.3/../../../../arm-none-eabi/lib/armv7e-m\libc.a(lib_a-impure.o)
                0x20000050                _impure_ptr
 .data          0x20000480       0x7c c:/program files (x86)/atmel/atmel toolchain/arm gcc/native/4.7.3.1029/arm-gnu-toolchain/bin/../lib/gcc/arm-none-eabi/4.7.3/../../../../arm-none-eabi/lib/armv7e-m\libc.a(lib_a-locale.o)
                0x200004a0                __mb_cur_max
 .data          0x200004fc      0x410 c:/program files (x86)/atmel/atmel toolchain/arm gcc/native/4.7.3.1029/arm-gnu-toolchain/bin/../lib/gcc/arm-none-eabi/4.7.3/../../../../arm-none-eabi/lib/armv7e-m\libc.a(lib_a-mallocr.o)
                0x200004fc                __malloc_av_
                0x20000904                __malloc_sbrk_base
                0x20000908                __malloc_trim_threshold
 .data          0x2000090c        0x4 c:/program files (x86)/atmel/atmel toolchain/arm gcc/native/4.7.3.1029/arm-gnu-toolchain/bin/../lib/gcc/arm-none-eabi/4.7.3/../../../../arm-none-eabi/lib/armv7e-m\libc.a(lib_a-wctomb_r.o)
                0x2000090c                __wctomb
                0x20000910                . = ALIGN (0x4)
                0x20000910                _erelocate = .

.bss            0x20000910       0xf0 load address 0x000068d8
                0x20000910                . = ALIGN (0x4)
                0x20000910                _sbss = .
                0x20000910                _szero = .
 *(.bss .bss.*)
 .bss           0x20000910       0x1c c:/program files (x86)/atmel/atmel toolchain/arm gcc/native/4.7.3.1029/arm-gnu-toolchain/bin/../lib/gcc/arm-none-eabi/4.7.3/armv7e-m/crtbegin.o
 .bss.flashcalw_error_status
                0x2000092c        0x4 src/ASF/sam/drivers/flashcalw/flashcalw.o
 .bss.gpio_nb_sources
                0x20000930        0x4 src/ASF/sam/drivers/gpio/gpio.o
 .bss.gpio_int_sources
                0x20000934       0x30 src/ASF/sam/drivers/gpio/gpio.o
 .bss.ul_reg_val.7843
                0x20000964        0x4 src/ASF/sam/drivers/usart/usart.o
 .bss.heap.5084
                0x20000968        0x4 src/ASF/sam/utils/syscalls/gcc/syscalls.o
 .bss.X_axis_pos
                0x2000096c        0x4 src/encoder.o
                0x2000096c                X_axis_pos
 .bss.sensor1_prev_value.9066
                0x20000970        0x4 src/encoder.o
 .bss.sensor1_prev_value.9072
                0x20000974        0x4 src/encoder.o
 .bss.Y_axis_pos
                0x20000978        0x4 src/encoder.o
                0x20000978                Y_axis_pos
 .bss           0x2000097c       0x34 c:/program files (x86)/atmel/atmel toolchain/arm gcc/native/4.7.3.1029/arm-gnu-toolchain/bin/../lib/gcc/arm-none-eabi/4.7.3/../../../../arm-none-eabi/lib/armv7e-m\libc.a(lib_a-mallocr.o)
                0x2000097c                __malloc_top_pad
                0x20000980                __malloc_current_mallinfo
                0x200009a8                __malloc_max_sbrked_mem
                0x200009ac                __malloc_max_total_mem
 *(COMMON)
 COMMON         0x200009b0        0x4 src/ASF/common/utils/stdio/read.o
                0x200009b0                ptr_get
 COMMON         0x200009b4        0x8 src/ASF/common/utils/stdio/write.o
                0x200009b4                ptr_put
                0x200009b8                stdio_base
 COMMON         0x200009bc       0x40 src/ASF/sam/drivers/pdca/pdca.o
                0x200009bc                pdca_callback_pointer
 COMMON         0x200009fc        0x4 c:/program files (x86)/atmel/atmel toolchain/arm gcc/native/4.7.3.1029/arm-gnu-toolchain/bin/../lib/gcc/arm-none-eabi/4.7.3/../../../../arm-none-eabi/lib/armv7e-m\libc.a(lib_a-reent.o)
                0x200009fc                errno
                0x20000a00                . = ALIGN (0x4)
                0x20000a00                _ebss = .
                0x20000a00                _ezero = .

.stack          0x20000a00     0x1000 load address 0x000069c8
                0x20000a00                . = ALIGN (0x8)
                0x20000a00                _sstack = .
                0x20001a00                . = (. + __stack_size__)
 *fill*         0x20000a00     0x1000 00
                0x20001a00                . = ALIGN (0x8)
                0x20001a00                _estack = .
                0x20001a00                . = ALIGN (0x4)
                0x20001a00                _end = .
OUTPUT(GPIO_EXAMPLE1.elf elf32-littlearm)

.ARM.attributes
                0x00000000       0x2a
 .ARM.attributes
                0x00000000       0x1e c:/program files (x86)/atmel/atmel toolchain/arm gcc/native/4.7.3.1029/arm-gnu-toolchain/bin/../lib/gcc/arm-none-eabi/4.7.3/armv7e-m/crti.o
 .ARM.attributes
                0x0000001e       0x2e c:/program files (x86)/atmel/atmel toolchain/arm gcc/native/4.7.3.1029/arm-gnu-toolchain/bin/../lib/gcc/arm-none-eabi/4.7.3/armv7e-m/crtbegin.o
 .ARM.attributes
                0x0000004c       0x33 src/servo.o
 .ARM.attributes
                0x0000007f       0x33 src/ASF/common/services/delay/sam/cycle_counter.o
 .ARM.attributes
                0x000000b2       0x33 src/ASF/sam/drivers/tc/tc.o
 .ARM.attributes
                0x000000e5       0x33 src/pos_controller.o
 .ARM.attributes
                0x00000118       0x33 src/motor_shield.o
 .ARM.attributes
                0x0000014b       0x33 src/ASF/common/services/clock/sam4l/osc.o
 .ARM.attributes
                0x0000017e       0x33 src/ASF/common/services/clock/sam4l/sysclk.o
 .ARM.attributes
                0x000001b1       0x33 src/ASF/common/utils/interrupt/interrupt_sam_nvic.o
 .ARM.attributes
                0x000001e4       0x33 src/ASF/common/utils/stdio/read.o
 .ARM.attributes
                0x00000217       0x33 src/ASF/common/utils/stdio/write.o
 .ARM.attributes
                0x0000024a       0x33 src/ASF/sam/boards/sam4l_xplained_pro/init.o
 .ARM.attributes
                0x0000027d       0x33 src/ASF/sam/drivers/bpm/bpm.o
 .ARM.attributes
                0x000002b0       0x33 src/ASF/sam/drivers/flashcalw/flashcalw.o
 .ARM.attributes
                0x000002e3       0x33 src/ASF/sam/drivers/gpio/gpio.o
 .ARM.attributes
                0x00000316       0x33 src/ASF/sam/drivers/pdca/pdca.o
 .ARM.attributes
                0x00000349       0x33 src/ASF/sam/drivers/usart/usart.o
 .ARM.attributes
                0x0000037c       0x33 src/ASF/sam/drivers/wdt/wdt_sam4l.o
 .ARM.attributes
                0x000003af       0x33 src/ASF/sam/utils/cmsis/sam4l/source/templates/exceptions.o
 .ARM.attributes
                0x000003e2       0x33 src/ASF/sam/utils/cmsis/sam4l/source/templates/gcc/startup_sam4l.o
 .ARM.attributes
                0x00000415       0x33 src/ASF/sam/utils/syscalls/gcc/syscalls.o
 .ARM.attributes
                0x00000448       0x33 src/encoder.o
 .ARM.attributes
                0x0000047b       0x33 src/gpio_example.o
 .ARM.attributes
                0x000004ae       0x1e c:/program files (x86)/atmel/atmel toolchain/arm gcc/native/4.7.3.1029/arm-gnu-toolchain/bin/../lib/gcc/arm-none-eabi/4.7.3/armv7e-m\libgcc.a(_arm_addsubdf3.o)
 .ARM.attributes
                0x000004cc       0x1e c:/program files (x86)/atmel/atmel toolchain/arm gcc/native/4.7.3.1029/arm-gnu-toolchain/bin/../lib/gcc/arm-none-eabi/4.7.3/armv7e-m\libgcc.a(_arm_muldivdf3.o)
 .ARM.attributes
                0x000004ea       0x1e c:/program files (x86)/atmel/atmel toolchain/arm gcc/native/4.7.3.1029/arm-gnu-toolchain/bin/../lib/gcc/arm-none-eabi/4.7.3/armv7e-m\libgcc.a(_arm_fixunsdfsi.o)
 .ARM.attributes
                0x00000508       0x2e c:/program files (x86)/atmel/atmel toolchain/arm gcc/native/4.7.3.1029/arm-gnu-toolchain/bin/../lib/gcc/arm-none-eabi/4.7.3/../../../../arm-none-eabi/lib/armv7e-m\libc.a(lib_a-__atexit.o)
 .ARM.attributes
                0x00000536       0x2e c:/program files (x86)/atmel/atmel toolchain/arm gcc/native/4.7.3.1029/arm-gnu-toolchain/bin/../lib/gcc/arm-none-eabi/4.7.3/../../../../arm-none-eabi/lib/armv7e-m\libc.a(lib_a-fini.o)
 .ARM.attributes
                0x00000564       0x2e c:/program files (x86)/atmel/atmel toolchain/arm gcc/native/4.7.3.1029/arm-gnu-toolchain/bin/../lib/gcc/arm-none-eabi/4.7.3/../../../../arm-none-eabi/lib/armv7e-m\libc.a(lib_a-impure.o)
 .ARM.attributes
                0x00000592       0x2e c:/program files (x86)/atmel/atmel toolchain/arm gcc/native/4.7.3.1029/arm-gnu-toolchain/bin/../lib/gcc/arm-none-eabi/4.7.3/../../../../arm-none-eabi/lib/armv7e-m\libc.a(lib_a-init.o)
 .ARM.attributes
                0x000005c0       0x2e c:/program files (x86)/atmel/atmel toolchain/arm gcc/native/4.7.3.1029/arm-gnu-toolchain/bin/../lib/gcc/arm-none-eabi/4.7.3/../../../../arm-none-eabi/lib/armv7e-m\libc.a(lib_a-iprintf.o)
 .ARM.attributes
                0x000005ee       0x2e c:/program files (x86)/atmel/atmel toolchain/arm gcc/native/4.7.3.1029/arm-gnu-toolchain/bin/../lib/gcc/arm-none-eabi/4.7.3/../../../../arm-none-eabi/lib/armv7e-m\libc.a(lib_a-memset.o)
 .ARM.attributes
                0x0000061c       0x2e c:/program files (x86)/atmel/atmel toolchain/arm gcc/native/4.7.3.1029/arm-gnu-toolchain/bin/../lib/gcc/arm-none-eabi/4.7.3/../../../../arm-none-eabi/lib/armv7e-m\libc.a(lib_a-setbuf.o)
 .ARM.attributes
                0x0000064a       0x2e c:/program files (x86)/atmel/atmel toolchain/arm gcc/native/4.7.3.1029/arm-gnu-toolchain/bin/../lib/gcc/arm-none-eabi/4.7.3/../../../../arm-none-eabi/lib/armv7e-m\libc.a(lib_a-setvbuf.o)
 .ARM.attributes
                0x00000678       0x2e c:/program files (x86)/atmel/atmel toolchain/arm gcc/native/4.7.3.1029/arm-gnu-toolchain/bin/../lib/gcc/arm-none-eabi/4.7.3/../../../../arm-none-eabi/lib/armv7e-m\libc.a(lib_a-vfiprintf.o)
 .ARM.attributes
                0x000006a6       0x2e c:/program files (x86)/atmel/atmel toolchain/arm gcc/native/4.7.3.1029/arm-gnu-toolchain/bin/../lib/gcc/arm-none-eabi/4.7.3/../../../../arm-none-eabi/lib/armv7e-m\libc.a(lib_a-wsetup.o)
 .ARM.attributes
                0x000006d4       0x2e c:/program files (x86)/atmel/atmel toolchain/arm gcc/native/4.7.3.1029/arm-gnu-toolchain/bin/../lib/gcc/arm-none-eabi/4.7.3/../../../../arm-none-eabi/lib/armv7e-m\libc.a(lib_a-__call_atexit.o)
 .ARM.attributes
                0x00000702       0x2e c:/program files (x86)/atmel/atmel toolchain/arm gcc/native/4.7.3.1029/arm-gnu-toolchain/bin/../lib/gcc/arm-none-eabi/4.7.3/../../../../arm-none-eabi/lib/armv7e-m\libc.a(lib_a-atexit.o)
 .ARM.attributes
                0x00000730       0x2e c:/program files (x86)/atmel/atmel toolchain/arm gcc/native/4.7.3.1029/arm-gnu-toolchain/bin/../lib/gcc/arm-none-eabi/4.7.3/../../../../arm-none-eabi/lib/armv7e-m\libc.a(lib_a-fflush.o)
 .ARM.attributes
                0x0000075e       0x2e c:/program files (x86)/atmel/atmel toolchain/arm gcc/native/4.7.3.1029/arm-gnu-toolchain/bin/../lib/gcc/arm-none-eabi/4.7.3/../../../../arm-none-eabi/lib/armv7e-m\libc.a(lib_a-findfp.o)
 .ARM.attributes
                0x0000078c       0x2e c:/program files (x86)/atmel/atmel toolchain/arm gcc/native/4.7.3.1029/arm-gnu-toolchain/bin/../lib/gcc/arm-none-eabi/4.7.3/../../../../arm-none-eabi/lib/armv7e-m\libc.a(lib_a-fputwc.o)
 .ARM.attributes
                0x000007ba       0x2e c:/program files (x86)/atmel/atmel toolchain/arm gcc/native/4.7.3.1029/arm-gnu-toolchain/bin/../lib/gcc/arm-none-eabi/4.7.3/../../../../arm-none-eabi/lib/armv7e-m\libc.a(lib_a-freer.o)
 .ARM.attributes
                0x000007e8       0x2e c:/program files (x86)/atmel/atmel toolchain/arm gcc/native/4.7.3.1029/arm-gnu-toolchain/bin/../lib/gcc/arm-none-eabi/4.7.3/../../../../arm-none-eabi/lib/armv7e-m\libc.a(lib_a-fvwrite.o)
 .ARM.attributes
                0x00000816       0x2e c:/program files (x86)/atmel/atmel toolchain/arm gcc/native/4.7.3.1029/arm-gnu-toolchain/bin/../lib/gcc/arm-none-eabi/4.7.3/../../../../arm-none-eabi/lib/armv7e-m\libc.a(lib_a-fwalk.o)
 .ARM.attributes
                0x00000844       0x2e c:/program files (x86)/atmel/atmel toolchain/arm gcc/native/4.7.3.1029/arm-gnu-toolchain/bin/../lib/gcc/arm-none-eabi/4.7.3/../../../../arm-none-eabi/lib/armv7e-m\libc.a(lib_a-locale.o)
 .ARM.attributes
                0x00000872       0x2e c:/program files (x86)/atmel/atmel toolchain/arm gcc/native/4.7.3.1029/arm-gnu-toolchain/bin/../lib/gcc/arm-none-eabi/4.7.3/../../../../arm-none-eabi/lib/armv7e-m\libc.a(lib_a-makebuf.o)
 .ARM.attributes
                0x000008a0       0x2e c:/program files (x86)/atmel/atmel toolchain/arm gcc/native/4.7.3.1029/arm-gnu-toolchain/bin/../lib/gcc/arm-none-eabi/4.7.3/../../../../arm-none-eabi/lib/armv7e-m\libc.a(lib_a-malloc.o)
 .ARM.attributes
                0x000008ce       0x2e c:/program files (x86)/atmel/atmel toolchain/arm gcc/native/4.7.3.1029/arm-gnu-toolchain/bin/../lib/gcc/arm-none-eabi/4.7.3/../../../../arm-none-eabi/lib/armv7e-m\libc.a(lib_a-mallocr.o)
 .ARM.attributes
                0x000008fc       0x2e c:/program files (x86)/atmel/atmel toolchain/arm gcc/native/4.7.3.1029/arm-gnu-toolchain/bin/../lib/gcc/arm-none-eabi/4.7.3/../../../../arm-none-eabi/lib/armv7e-m\libc.a(lib_a-memchr.o)
 .ARM.attributes
                0x0000092a       0x2e c:/program files (x86)/atmel/atmel toolchain/arm gcc/native/4.7.3.1029/arm-gnu-toolchain/bin/../lib/gcc/arm-none-eabi/4.7.3/../../../../arm-none-eabi/lib/armv7e-m\libc.a(lib_a-memcpy.o)
 .ARM.attributes
                0x00000958       0x2e c:/program files (x86)/atmel/atmel toolchain/arm gcc/native/4.7.3.1029/arm-gnu-toolchain/bin/../lib/gcc/arm-none-eabi/4.7.3/../../../../arm-none-eabi/lib/armv7e-m\libc.a(lib_a-memmove.o)
 .ARM.attributes
                0x00000986       0x2e c:/program files (x86)/atmel/atmel toolchain/arm gcc/native/4.7.3.1029/arm-gnu-toolchain/bin/../lib/gcc/arm-none-eabi/4.7.3/../../../../arm-none-eabi/lib/armv7e-m\libc.a(lib_a-mlock.o)
 .ARM.attributes
                0x000009b4       0x2e c:/program files (x86)/atmel/atmel toolchain/arm gcc/native/4.7.3.1029/arm-gnu-toolchain/bin/../lib/gcc/arm-none-eabi/4.7.3/../../../../arm-none-eabi/lib/armv7e-m\libc.a(lib_a-reallocr.o)
 .ARM.attributes
                0x000009e2       0x2e c:/program files (x86)/atmel/atmel toolchain/arm gcc/native/4.7.3.1029/arm-gnu-toolchain/bin/../lib/gcc/arm-none-eabi/4.7.3/../../../../arm-none-eabi/lib/armv7e-m\libc.a(lib_a-sbrkr.o)
 .ARM.attributes
                0x00000a10       0x2e c:/program files (x86)/atmel/atmel toolchain/arm gcc/native/4.7.3.1029/arm-gnu-toolchain/bin/../lib/gcc/arm-none-eabi/4.7.3/../../../../arm-none-eabi/lib/armv7e-m\libc.a(lib_a-stdio.o)
 .ARM.attributes
                0x00000a3e       0x2e c:/program files (x86)/atmel/atmel toolchain/arm gcc/native/4.7.3.1029/arm-gnu-toolchain/bin/../lib/gcc/arm-none-eabi/4.7.3/../../../../arm-none-eabi/lib/armv7e-m\libc.a(lib_a-strcmp.o)
 .ARM.attributes
                0x00000a6c       0x2e c:/program files (x86)/atmel/atmel toolchain/arm gcc/native/4.7.3.1029/arm-gnu-toolchain/bin/../lib/gcc/arm-none-eabi/4.7.3/../../../../arm-none-eabi/lib/armv7e-m\libc.a(lib_a-strlen.o)
 .ARM.attributes
                0x00000a9a       0x2e c:/program files (x86)/atmel/atmel toolchain/arm gcc/native/4.7.3.1029/arm-gnu-toolchain/bin/../lib/gcc/arm-none-eabi/4.7.3/../../../../arm-none-eabi/lib/armv7e-m\libc.a(lib_a-wbuf.o)
 .ARM.attributes
                0x00000ac8       0x2e c:/program files (x86)/atmel/atmel toolchain/arm gcc/native/4.7.3.1029/arm-gnu-toolchain/bin/../lib/gcc/arm-none-eabi/4.7.3/../../../../arm-none-eabi/lib/armv7e-m\libc.a(lib_a-wcrtomb.o)
 .ARM.attributes
                0x00000af6       0x2e c:/program files (x86)/atmel/atmel toolchain/arm gcc/native/4.7.3.1029/arm-gnu-toolchain/bin/../lib/gcc/arm-none-eabi/4.7.3/../../../../arm-none-eabi/lib/armv7e-m\libc.a(lib_a-wctomb_r.o)
 .ARM.attributes
                0x00000b24       0x2e c:/program files (x86)/atmel/atmel toolchain/arm gcc/native/4.7.3.1029/arm-gnu-toolchain/bin/../lib/gcc/arm-none-eabi/4.7.3/../../../../arm-none-eabi/lib/armv7e-m\libc.a(lib_a-writer.o)
 .ARM.attributes
                0x00000b52       0x2e c:/program files (x86)/atmel/atmel toolchain/arm gcc/native/4.7.3.1029/arm-gnu-toolchain/bin/../lib/gcc/arm-none-eabi/4.7.3/../../../../arm-none-eabi/lib/armv7e-m\libc.a(lib_a-closer.o)
 .ARM.attributes
                0x00000b80       0x2e c:/program files (x86)/atmel/atmel toolchain/arm gcc/native/4.7.3.1029/arm-gnu-toolchain/bin/../lib/gcc/arm-none-eabi/4.7.3/../../../../arm-none-eabi/lib/armv7e-m\libc.a(lib_a-fclose.o)
 .ARM.attributes
                0x00000bae       0x2e c:/program files (x86)/atmel/atmel toolchain/arm gcc/native/4.7.3.1029/arm-gnu-toolchain/bin/../lib/gcc/arm-none-eabi/4.7.3/../../../../arm-none-eabi/lib/armv7e-m\libc.a(lib_a-fstatr.o)
 .ARM.attributes
                0x00000bdc       0x2e c:/program files (x86)/atmel/atmel toolchain/arm gcc/native/4.7.3.1029/arm-gnu-toolchain/bin/../lib/gcc/arm-none-eabi/4.7.3/../../../../arm-none-eabi/lib/armv7e-m\libc.a(lib_a-isattyr.o)
 .ARM.attributes
                0x00000c0a       0x2e c:/program files (x86)/atmel/atmel toolchain/arm gcc/native/4.7.3.1029/arm-gnu-toolchain/bin/../lib/gcc/arm-none-eabi/4.7.3/../../../../arm-none-eabi/lib/armv7e-m\libc.a(lib_a-lseekr.o)
 .ARM.attributes
                0x00000c38       0x2e c:/program files (x86)/atmel/atmel toolchain/arm gcc/native/4.7.3.1029/arm-gnu-toolchain/bin/../lib/gcc/arm-none-eabi/4.7.3/../../../../arm-none-eabi/lib/armv7e-m\libc.a(lib_a-readr.o)
 .ARM.attributes
                0x00000c66       0x2e c:/program files (x86)/atmel/atmel toolchain/arm gcc/native/4.7.3.1029/arm-gnu-toolchain/bin/../lib/gcc/arm-none-eabi/4.7.3/../../../../arm-none-eabi/lib/armv7e-m\libc.a(lib_a-reent.o)
 .ARM.attributes
                0x00000c94       0x1e c:/program files (x86)/atmel/atmel toolchain/arm gcc/native/4.7.3.1029/arm-gnu-toolchain/bin/../lib/gcc/arm-none-eabi/4.7.3/armv7e-m\libgcc.a(_aeabi_uldivmod.o)
 .ARM.attributes
                0x00000cb2       0x2e c:/program files (x86)/atmel/atmel toolchain/arm gcc/native/4.7.3.1029/arm-gnu-toolchain/bin/../lib/gcc/arm-none-eabi/4.7.3/armv7e-m\libgcc.a(bpabi.o)
 .ARM.attributes
                0x00000ce0       0x1e c:/program files (x86)/atmel/atmel toolchain/arm gcc/native/4.7.3.1029/arm-gnu-toolchain/bin/../lib/gcc/arm-none-eabi/4.7.3/armv7e-m\libgcc.a(_dvmd_tls.o)
 .ARM.attributes
                0x00000cfe       0x2e c:/program files (x86)/atmel/atmel toolchain/arm gcc/native/4.7.3.1029/arm-gnu-toolchain/bin/../lib/gcc/arm-none-eabi/4.7.3/armv7e-m\libgcc.a(_divdi3.o)
 .ARM.attributes
                0x00000d2c       0x2e c:/program files (x86)/atmel/atmel toolchain/arm gcc/native/4.7.3.1029/arm-gnu-toolchain/bin/../lib/gcc/arm-none-eabi/4.7.3/armv7e-m\libgcc.a(_udivdi3.o)
 .ARM.attributes
                0x00000d5a       0x2e c:/program files (x86)/atmel/atmel toolchain/arm gcc/native/4.7.3.1029/arm-gnu-toolchain/bin/../lib/gcc/arm-none-eabi/4.7.3/armv7e-m/crtend.o
 .ARM.attributes
                0x00000d88       0x1e c:/program files (x86)/atmel/atmel toolchain/arm gcc/native/4.7.3.1029/arm-gnu-toolchain/bin/../lib/gcc/arm-none-eabi/4.7.3/armv7e-m/crtn.o

.comment        0x00000000       0x71
 .comment       0x00000000       0x71 c:/program files (x86)/atmel/atmel toolchain/arm gcc/native/4.7.3.1029/arm-gnu-toolchain/bin/../lib/gcc/arm-none-eabi/4.7.3/armv7e-m/crtbegin.o
                                 0x72 (size before relaxing)
 .comment       0x00000000       0x72 src/servo.o
 .comment       0x00000000       0x72 src/ASF/common/services/delay/sam/cycle_counter.o
 .comment       0x00000000       0x72 src/ASF/sam/drivers/tc/tc.o
 .comment       0x00000000       0x72 src/pos_controller.o
 .comment       0x00000000       0x72 src/motor_shield.o
 .comment       0x00000000       0x72 src/ASF/common/services/clock/sam4l/osc.o
 .comment       0x00000000       0x72 src/ASF/common/services/clock/sam4l/sysclk.o
 .comment       0x00000000       0x72 src/ASF/common/utils/interrupt/interrupt_sam_nvic.o
 .comment       0x00000000       0x72 src/ASF/common/utils/stdio/read.o
 .comment       0x00000000       0x72 src/ASF/common/utils/stdio/write.o
 .comment       0x00000000       0x72 src/ASF/sam/boards/sam4l_xplained_pro/init.o
 .comment       0x00000000       0x72 src/ASF/sam/drivers/bpm/bpm.o
 .comment       0x00000000       0x72 src/ASF/sam/drivers/flashcalw/flashcalw.o
 .comment       0x00000000       0x72 src/ASF/sam/drivers/gpio/gpio.o
 .comment       0x00000000       0x72 src/ASF/sam/drivers/pdca/pdca.o
 .comment       0x00000000       0x72 src/ASF/sam/drivers/usart/usart.o
 .comment       0x00000000       0x72 src/ASF/sam/drivers/wdt/wdt_sam4l.o
 .comment       0x00000000       0x72 src/ASF/sam/utils/cmsis/sam4l/source/templates/exceptions.o
 .comment       0x00000000       0x72 src/ASF/sam/utils/cmsis/sam4l/source/templates/gcc/startup_sam4l.o
 .comment       0x00000000       0x72 src/ASF/sam/utils/syscalls/gcc/syscalls.o
 .comment       0x00000000       0x72 src/encoder.o
 .comment       0x00000000       0x72 src/gpio_example.o
 .comment       0x00000000       0x72 c:/program files (x86)/atmel/atmel toolchain/arm gcc/native/4.7.3.1029/arm-gnu-toolchain/bin/../lib/gcc/arm-none-eabi/4.7.3/../../../../arm-none-eabi/lib/armv7e-m\libc.a(lib_a-__atexit.o)
 .comment       0x00000000       0x72 c:/program files (x86)/atmel/atmel toolchain/arm gcc/native/4.7.3.1029/arm-gnu-toolchain/bin/../lib/gcc/arm-none-eabi/4.7.3/../../../../arm-none-eabi/lib/armv7e-m\libc.a(lib_a-fini.o)
 .comment       0x00000000       0x72 c:/program files (x86)/atmel/atmel toolchain/arm gcc/native/4.7.3.1029/arm-gnu-toolchain/bin/../lib/gcc/arm-none-eabi/4.7.3/../../../../arm-none-eabi/lib/armv7e-m\libc.a(lib_a-impure.o)
 .comment       0x00000000       0x72 c:/program files (x86)/atmel/atmel toolchain/arm gcc/native/4.7.3.1029/arm-gnu-toolchain/bin/../lib/gcc/arm-none-eabi/4.7.3/../../../../arm-none-eabi/lib/armv7e-m\libc.a(lib_a-init.o)
 .comment       0x00000000       0x72 c:/program files (x86)/atmel/atmel toolchain/arm gcc/native/4.7.3.1029/arm-gnu-toolchain/bin/../lib/gcc/arm-none-eabi/4.7.3/../../../../arm-none-eabi/lib/armv7e-m\libc.a(lib_a-iprintf.o)
 .comment       0x00000000       0x72 c:/program files (x86)/atmel/atmel toolchain/arm gcc/native/4.7.3.1029/arm-gnu-toolchain/bin/../lib/gcc/arm-none-eabi/4.7.3/../../../../arm-none-eabi/lib/armv7e-m\libc.a(lib_a-memset.o)
 .comment       0x00000000       0x72 c:/program files (x86)/atmel/atmel toolchain/arm gcc/native/4.7.3.1029/arm-gnu-toolchain/bin/../lib/gcc/arm-none-eabi/4.7.3/../../../../arm-none-eabi/lib/armv7e-m\libc.a(lib_a-setbuf.o)
 .comment       0x00000000       0x72 c:/program files (x86)/atmel/atmel toolchain/arm gcc/native/4.7.3.1029/arm-gnu-toolchain/bin/../lib/gcc/arm-none-eabi/4.7.3/../../../../arm-none-eabi/lib/armv7e-m\libc.a(lib_a-setvbuf.o)
 .comment       0x00000000       0x72 c:/program files (x86)/atmel/atmel toolchain/arm gcc/native/4.7.3.1029/arm-gnu-toolchain/bin/../lib/gcc/arm-none-eabi/4.7.3/../../../../arm-none-eabi/lib/armv7e-m\libc.a(lib_a-vfiprintf.o)
 .comment       0x00000000       0x72 c:/program files (x86)/atmel/atmel toolchain/arm gcc/native/4.7.3.1029/arm-gnu-toolchain/bin/../lib/gcc/arm-none-eabi/4.7.3/../../../../arm-none-eabi/lib/armv7e-m\libc.a(lib_a-wsetup.o)
 .comment       0x00000000       0x72 c:/program files (x86)/atmel/atmel toolchain/arm gcc/native/4.7.3.1029/arm-gnu-toolchain/bin/../lib/gcc/arm-none-eabi/4.7.3/../../../../arm-none-eabi/lib/armv7e-m\libc.a(lib_a-__call_atexit.o)
 .comment       0x00000000       0x72 c:/program files (x86)/atmel/atmel toolchain/arm gcc/native/4.7.3.1029/arm-gnu-toolchain/bin/../lib/gcc/arm-none-eabi/4.7.3/../../../../arm-none-eabi/lib/armv7e-m\libc.a(lib_a-atexit.o)
 .comment       0x00000000       0x72 c:/program files (x86)/atmel/atmel toolchain/arm gcc/native/4.7.3.1029/arm-gnu-toolchain/bin/../lib/gcc/arm-none-eabi/4.7.3/../../../../arm-none-eabi/lib/armv7e-m\libc.a(lib_a-fflush.o)
 .comment       0x00000000       0x72 c:/program files (x86)/atmel/atmel toolchain/arm gcc/native/4.7.3.1029/arm-gnu-toolchain/bin/../lib/gcc/arm-none-eabi/4.7.3/../../../../arm-none-eabi/lib/armv7e-m\libc.a(lib_a-findfp.o)
 .comment       0x00000000       0x72 c:/program files (x86)/atmel/atmel toolchain/arm gcc/native/4.7.3.1029/arm-gnu-toolchain/bin/../lib/gcc/arm-none-eabi/4.7.3/../../../../arm-none-eabi/lib/armv7e-m\libc.a(lib_a-fputwc.o)
 .comment       0x00000000       0x72 c:/program files (x86)/atmel/atmel toolchain/arm gcc/native/4.7.3.1029/arm-gnu-toolchain/bin/../lib/gcc/arm-none-eabi/4.7.3/../../../../arm-none-eabi/lib/armv7e-m\libc.a(lib_a-freer.o)
 .comment       0x00000000       0x72 c:/program files (x86)/atmel/atmel toolchain/arm gcc/native/4.7.3.1029/arm-gnu-toolchain/bin/../lib/gcc/arm-none-eabi/4.7.3/../../../../arm-none-eabi/lib/armv7e-m\libc.a(lib_a-fvwrite.o)
 .comment       0x00000000       0x72 c:/program files (x86)/atmel/atmel toolchain/arm gcc/native/4.7.3.1029/arm-gnu-toolchain/bin/../lib/gcc/arm-none-eabi/4.7.3/../../../../arm-none-eabi/lib/armv7e-m\libc.a(lib_a-fwalk.o)
 .comment       0x00000000       0x72 c:/program files (x86)/atmel/atmel toolchain/arm gcc/native/4.7.3.1029/arm-gnu-toolchain/bin/../lib/gcc/arm-none-eabi/4.7.3/../../../../arm-none-eabi/lib/armv7e-m\libc.a(lib_a-locale.o)
 .comment       0x00000000       0x72 c:/program files (x86)/atmel/atmel toolchain/arm gcc/native/4.7.3.1029/arm-gnu-toolchain/bin/../lib/gcc/arm-none-eabi/4.7.3/../../../../arm-none-eabi/lib/armv7e-m\libc.a(lib_a-makebuf.o)
 .comment       0x00000000       0x72 c:/program files (x86)/atmel/atmel toolchain/arm gcc/native/4.7.3.1029/arm-gnu-toolchain/bin/../lib/gcc/arm-none-eabi/4.7.3/../../../../arm-none-eabi/lib/armv7e-m\libc.a(lib_a-malloc.o)
 .comment       0x00000000       0x72 c:/program files (x86)/atmel/atmel toolchain/arm gcc/native/4.7.3.1029/arm-gnu-toolchain/bin/../lib/gcc/arm-none-eabi/4.7.3/../../../../arm-none-eabi/lib/armv7e-m\libc.a(lib_a-mallocr.o)
 .comment       0x00000000       0x72 c:/program files (x86)/atmel/atmel toolchain/arm gcc/native/4.7.3.1029/arm-gnu-toolchain/bin/../lib/gcc/arm-none-eabi/4.7.3/../../../../arm-none-eabi/lib/armv7e-m\libc.a(lib_a-memchr.o)
 .comment       0x00000000       0x72 c:/program files (x86)/atmel/atmel toolchain/arm gcc/native/4.7.3.1029/arm-gnu-toolchain/bin/../lib/gcc/arm-none-eabi/4.7.3/../../../../arm-none-eabi/lib/armv7e-m\libc.a(lib_a-memcpy.o)
 .comment       0x00000000       0x72 c:/program files (x86)/atmel/atmel toolchain/arm gcc/native/4.7.3.1029/arm-gnu-toolchain/bin/../lib/gcc/arm-none-eabi/4.7.3/../../../../arm-none-eabi/lib/armv7e-m\libc.a(lib_a-memmove.o)
 .comment       0x00000000       0x72 c:/program files (x86)/atmel/atmel toolchain/arm gcc/native/4.7.3.1029/arm-gnu-toolchain/bin/../lib/gcc/arm-none-eabi/4.7.3/../../../../arm-none-eabi/lib/armv7e-m\libc.a(lib_a-mlock.o)
 .comment       0x00000000       0x72 c:/program files (x86)/atmel/atmel toolchain/arm gcc/native/4.7.3.1029/arm-gnu-toolchain/bin/../lib/gcc/arm-none-eabi/4.7.3/../../../../arm-none-eabi/lib/armv7e-m\libc.a(lib_a-reallocr.o)
 .comment       0x00000000       0x72 c:/program files (x86)/atmel/atmel toolchain/arm gcc/native/4.7.3.1029/arm-gnu-toolchain/bin/../lib/gcc/arm-none-eabi/4.7.3/../../../../arm-none-eabi/lib/armv7e-m\libc.a(lib_a-sbrkr.o)
 .comment       0x00000000       0x72 c:/program files (x86)/atmel/atmel toolchain/arm gcc/native/4.7.3.1029/arm-gnu-toolchain/bin/../lib/gcc/arm-none-eabi/4.7.3/../../../../arm-none-eabi/lib/armv7e-m\libc.a(lib_a-stdio.o)
 .comment       0x00000000       0x72 c:/program files (x86)/atmel/atmel toolchain/arm gcc/native/4.7.3.1029/arm-gnu-toolchain/bin/../lib/gcc/arm-none-eabi/4.7.3/../../../../arm-none-eabi/lib/armv7e-m\libc.a(lib_a-strcmp.o)
 .comment       0x00000000       0x72 c:/program files (x86)/atmel/atmel toolchain/arm gcc/native/4.7.3.1029/arm-gnu-toolchain/bin/../lib/gcc/arm-none-eabi/4.7.3/../../../../arm-none-eabi/lib/armv7e-m\libc.a(lib_a-strlen.o)
 .comment       0x00000000       0x72 c:/program files (x86)/atmel/atmel toolchain/arm gcc/native/4.7.3.1029/arm-gnu-toolchain/bin/../lib/gcc/arm-none-eabi/4.7.3/../../../../arm-none-eabi/lib/armv7e-m\libc.a(lib_a-wbuf.o)
 .comment       0x00000000       0x72 c:/program files (x86)/atmel/atmel toolchain/arm gcc/native/4.7.3.1029/arm-gnu-toolchain/bin/../lib/gcc/arm-none-eabi/4.7.3/../../../../arm-none-eabi/lib/armv7e-m\libc.a(lib_a-wcrtomb.o)
 .comment       0x00000000       0x72 c:/program files (x86)/atmel/atmel toolchain/arm gcc/native/4.7.3.1029/arm-gnu-toolchain/bin/../lib/gcc/arm-none-eabi/4.7.3/../../../../arm-none-eabi/lib/armv7e-m\libc.a(lib_a-wctomb_r.o)
 .comment       0x00000000       0x72 c:/program files (x86)/atmel/atmel toolchain/arm gcc/native/4.7.3.1029/arm-gnu-toolchain/bin/../lib/gcc/arm-none-eabi/4.7.3/../../../../arm-none-eabi/lib/armv7e-m\libc.a(lib_a-writer.o)
 .comment       0x00000000       0x72 c:/program files (x86)/atmel/atmel toolchain/arm gcc/native/4.7.3.1029/arm-gnu-toolchain/bin/../lib/gcc/arm-none-eabi/4.7.3/../../../../arm-none-eabi/lib/armv7e-m\libc.a(lib_a-closer.o)
 .comment       0x00000000       0x72 c:/program files (x86)/atmel/atmel toolchain/arm gcc/native/4.7.3.1029/arm-gnu-toolchain/bin/../lib/gcc/arm-none-eabi/4.7.3/../../../../arm-none-eabi/lib/armv7e-m\libc.a(lib_a-fclose.o)
 .comment       0x00000000       0x72 c:/program files (x86)/atmel/atmel toolchain/arm gcc/native/4.7.3.1029/arm-gnu-toolchain/bin/../lib/gcc/arm-none-eabi/4.7.3/../../../../arm-none-eabi/lib/armv7e-m\libc.a(lib_a-fstatr.o)
 .comment       0x00000000       0x72 c:/program files (x86)/atmel/atmel toolchain/arm gcc/native/4.7.3.1029/arm-gnu-toolchain/bin/../lib/gcc/arm-none-eabi/4.7.3/../../../../arm-none-eabi/lib/armv7e-m\libc.a(lib_a-isattyr.o)
 .comment       0x00000000       0x72 c:/program files (x86)/atmel/atmel toolchain/arm gcc/native/4.7.3.1029/arm-gnu-toolchain/bin/../lib/gcc/arm-none-eabi/4.7.3/../../../../arm-none-eabi/lib/armv7e-m\libc.a(lib_a-lseekr.o)
 .comment       0x00000000       0x72 c:/program files (x86)/atmel/atmel toolchain/arm gcc/native/4.7.3.1029/arm-gnu-toolchain/bin/../lib/gcc/arm-none-eabi/4.7.3/../../../../arm-none-eabi/lib/armv7e-m\libc.a(lib_a-readr.o)
 .comment       0x00000000       0x72 c:/program files (x86)/atmel/atmel toolchain/arm gcc/native/4.7.3.1029/arm-gnu-toolchain/bin/../lib/gcc/arm-none-eabi/4.7.3/../../../../arm-none-eabi/lib/armv7e-m\libc.a(lib_a-reent.o)
 .comment       0x00000000       0x72 c:/program files (x86)/atmel/atmel toolchain/arm gcc/native/4.7.3.1029/arm-gnu-toolchain/bin/../lib/gcc/arm-none-eabi/4.7.3/armv7e-m\libgcc.a(bpabi.o)
 .comment       0x00000000       0x72 c:/program files (x86)/atmel/atmel toolchain/arm gcc/native/4.7.3.1029/arm-gnu-toolchain/bin/../lib/gcc/arm-none-eabi/4.7.3/armv7e-m\libgcc.a(_divdi3.o)
 .comment       0x00000000       0x72 c:/program files (x86)/atmel/atmel toolchain/arm gcc/native/4.7.3.1029/arm-gnu-toolchain/bin/../lib/gcc/arm-none-eabi/4.7.3/armv7e-m\libgcc.a(_udivdi3.o)
 .comment       0x00000000       0x72 c:/program files (x86)/atmel/atmel toolchain/arm gcc/native/4.7.3.1029/arm-gnu-toolchain/bin/../lib/gcc/arm-none-eabi/4.7.3/armv7e-m/crtend.o

.debug_info     0x00000000    0x2e078
 .debug_info    0x00000000     0x16a1 src/servo.o
 .debug_info    0x000016a1      0x11e src/ASF/common/services/delay/sam/cycle_counter.o
 .debug_info    0x000017bf      0x8ee src/ASF/sam/drivers/tc/tc.o
 .debug_info    0x000020ad      0xe24 src/pos_controller.o
 .debug_info    0x00002ed1     0x1bd1 src/motor_shield.o
 .debug_info    0x00004aa2     0x117c src/ASF/common/services/clock/sam4l/osc.o
 .debug_info    0x00005c1e     0x2734 src/ASF/common/services/clock/sam4l/sysclk.o
 .debug_info    0x00008352      0x1d2 src/ASF/common/utils/interrupt/interrupt_sam_nvic.o
 .debug_info    0x00008524      0x1d8 src/ASF/common/utils/stdio/read.o
 .debug_info    0x000086fc      0x1aa src/ASF/common/utils/stdio/write.o
 .debug_info    0x000088a6      0xfce src/ASF/sam/boards/sam4l_xplained_pro/init.o
 .debug_info    0x00009874      0xde5 src/ASF/sam/drivers/bpm/bpm.o
 .debug_info    0x0000a659     0x1fec src/ASF/sam/drivers/flashcalw/flashcalw.o
 .debug_info    0x0000c645     0x12ea src/ASF/sam/drivers/gpio/gpio.o
 .debug_info    0x0000d92f     0x15de src/ASF/sam/drivers/pdca/pdca.o
 .debug_info    0x0000ef0d     0x1aab src/ASF/sam/drivers/usart/usart.o
 .debug_info    0x000109b8      0x60c src/ASF/sam/drivers/wdt/wdt_sam4l.o
 .debug_info    0x00010fc4       0xaf src/ASF/sam/utils/cmsis/sam4l/source/templates/exceptions.o
 .debug_info    0x00011073      0x347 src/ASF/sam/utils/cmsis/sam4l/source/templates/gcc/startup_sam4l.o
 .debug_info    0x000113ba      0x427 src/ASF/sam/utils/syscalls/gcc/syscalls.o
 .debug_info    0x000117e1     0x1c0a src/encoder.o
 .debug_info    0x000133eb     0x1c4e src/gpio_example.o
 .debug_info    0x00015039      0x103 c:/program files (x86)/atmel/atmel toolchain/arm gcc/native/4.7.3.1029/arm-gnu-toolchain/bin/../lib/gcc/arm-none-eabi/4.7.3/armv7e-m\libgcc.a(_arm_addsubdf3.o)
 .debug_info    0x0001513c      0x103 c:/program files (x86)/atmel/atmel toolchain/arm gcc/native/4.7.3.1029/arm-gnu-toolchain/bin/../lib/gcc/arm-none-eabi/4.7.3/armv7e-m\libgcc.a(_arm_muldivdf3.o)
 .debug_info    0x0001523f      0x103 c:/program files (x86)/atmel/atmel toolchain/arm gcc/native/4.7.3.1029/arm-gnu-toolchain/bin/../lib/gcc/arm-none-eabi/4.7.3/armv7e-m\libgcc.a(_arm_fixunsdfsi.o)
 .debug_info    0x00015342      0xa15 c:/program files (x86)/atmel/atmel toolchain/arm gcc/native/4.7.3.1029/arm-gnu-toolchain/bin/../lib/gcc/arm-none-eabi/4.7.3/../../../../arm-none-eabi/lib/armv7e-m\libc.a(lib_a-__atexit.o)
 .debug_info    0x00015d57       0xf7 c:/program files (x86)/atmel/atmel toolchain/arm gcc/native/4.7.3.1029/arm-gnu-toolchain/bin/../lib/gcc/arm-none-eabi/4.7.3/../../../../arm-none-eabi/lib/armv7e-m\libc.a(lib_a-fini.o)
 .debug_info    0x00015e4e      0x961 c:/program files (x86)/atmel/atmel toolchain/arm gcc/native/4.7.3.1029/arm-gnu-toolchain/bin/../lib/gcc/arm-none-eabi/4.7.3/../../../../arm-none-eabi/lib/armv7e-m\libc.a(lib_a-impure.o)
 .debug_info    0x000167af      0x110 c:/program files (x86)/atmel/atmel toolchain/arm gcc/native/4.7.3.1029/arm-gnu-toolchain/bin/../lib/gcc/arm-none-eabi/4.7.3/../../../../arm-none-eabi/lib/armv7e-m\libc.a(lib_a-init.o)
 .debug_info    0x000168bf      0xa8d c:/program files (x86)/atmel/atmel toolchain/arm gcc/native/4.7.3.1029/arm-gnu-toolchain/bin/../lib/gcc/arm-none-eabi/4.7.3/../../../../arm-none-eabi/lib/armv7e-m\libc.a(lib_a-iprintf.o)
 .debug_info    0x0001734c       0xd3 c:/program files (x86)/atmel/atmel toolchain/arm gcc/native/4.7.3.1029/arm-gnu-toolchain/bin/../lib/gcc/arm-none-eabi/4.7.3/../../../../arm-none-eabi/lib/armv7e-m\libc.a(lib_a-memset.o)
 .debug_info    0x0001741f      0x9d7 c:/program files (x86)/atmel/atmel toolchain/arm gcc/native/4.7.3.1029/arm-gnu-toolchain/bin/../lib/gcc/arm-none-eabi/4.7.3/../../../../arm-none-eabi/lib/armv7e-m\libc.a(lib_a-setbuf.o)
 .debug_info    0x00017df6      0xa79 c:/program files (x86)/atmel/atmel toolchain/arm gcc/native/4.7.3.1029/arm-gnu-toolchain/bin/../lib/gcc/arm-none-eabi/4.7.3/../../../../arm-none-eabi/lib/armv7e-m\libc.a(lib_a-setvbuf.o)
 .debug_info    0x0001886f     0x129d c:/program files (x86)/atmel/atmel toolchain/arm gcc/native/4.7.3.1029/arm-gnu-toolchain/bin/../lib/gcc/arm-none-eabi/4.7.3/../../../../arm-none-eabi/lib/armv7e-m\libc.a(lib_a-vfiprintf.o)
 .debug_info    0x00019b0c      0xa01 c:/program files (x86)/atmel/atmel toolchain/arm gcc/native/4.7.3.1029/arm-gnu-toolchain/bin/../lib/gcc/arm-none-eabi/4.7.3/../../../../arm-none-eabi/lib/armv7e-m\libc.a(lib_a-wsetup.o)
 .debug_info    0x0001a50d      0xa7c c:/program files (x86)/atmel/atmel toolchain/arm gcc/native/4.7.3.1029/arm-gnu-toolchain/bin/../lib/gcc/arm-none-eabi/4.7.3/../../../../arm-none-eabi/lib/armv7e-m\libc.a(lib_a-__call_atexit.o)
 .debug_info    0x0001af89      0x10f c:/program files (x86)/atmel/atmel toolchain/arm gcc/native/4.7.3.1029/arm-gnu-toolchain/bin/../lib/gcc/arm-none-eabi/4.7.3/../../../../arm-none-eabi/lib/armv7e-m\libc.a(lib_a-atexit.o)
 .debug_info    0x0001b098      0xb2b c:/program files (x86)/atmel/atmel toolchain/arm gcc/native/4.7.3.1029/arm-gnu-toolchain/bin/../lib/gcc/arm-none-eabi/4.7.3/../../../../arm-none-eabi/lib/armv7e-m\libc.a(lib_a-fflush.o)
 .debug_info    0x0001bbc3      0xdbc c:/program files (x86)/atmel/atmel toolchain/arm gcc/native/4.7.3.1029/arm-gnu-toolchain/bin/../lib/gcc/arm-none-eabi/4.7.3/../../../../arm-none-eabi/lib/armv7e-m\libc.a(lib_a-findfp.o)
 .debug_info    0x0001c97f      0xb7b c:/program files (x86)/atmel/atmel toolchain/arm gcc/native/4.7.3.1029/arm-gnu-toolchain/bin/../lib/gcc/arm-none-eabi/4.7.3/../../../../arm-none-eabi/lib/armv7e-m\libc.a(lib_a-fputwc.o)
 .debug_info    0x0001d4fa      0xd0f c:/program files (x86)/atmel/atmel toolchain/arm gcc/native/4.7.3.1029/arm-gnu-toolchain/bin/../lib/gcc/arm-none-eabi/4.7.3/../../../../arm-none-eabi/lib/armv7e-m\libc.a(lib_a-freer.o)
 .debug_info    0x0001e209      0xd8f c:/program files (x86)/atmel/atmel toolchain/arm gcc/native/4.7.3.1029/arm-gnu-toolchain/bin/../lib/gcc/arm-none-eabi/4.7.3/../../../../arm-none-eabi/lib/armv7e-m\libc.a(lib_a-fvwrite.o)
 .debug_info    0x0001ef98      0xb9d c:/program files (x86)/atmel/atmel toolchain/arm gcc/native/4.7.3.1029/arm-gnu-toolchain/bin/../lib/gcc/arm-none-eabi/4.7.3/../../../../arm-none-eabi/lib/armv7e-m\libc.a(lib_a-fwalk.o)
 .debug_info    0x0001fb35      0xd0f c:/program files (x86)/atmel/atmel toolchain/arm gcc/native/4.7.3.1029/arm-gnu-toolchain/bin/../lib/gcc/arm-none-eabi/4.7.3/../../../../arm-none-eabi/lib/armv7e-m\libc.a(lib_a-locale.o)
 .debug_info    0x00020844      0xbea c:/program files (x86)/atmel/atmel toolchain/arm gcc/native/4.7.3.1029/arm-gnu-toolchain/bin/../lib/gcc/arm-none-eabi/4.7.3/../../../../arm-none-eabi/lib/armv7e-m\libc.a(lib_a-makebuf.o)
 .debug_info    0x0002142e      0x9f2 c:/program files (x86)/atmel/atmel toolchain/arm gcc/native/4.7.3.1029/arm-gnu-toolchain/bin/../lib/gcc/arm-none-eabi/4.7.3/../../../../arm-none-eabi/lib/armv7e-m\libc.a(lib_a-malloc.o)
 .debug_info    0x00021e20      0xe25 c:/program files (x86)/atmel/atmel toolchain/arm gcc/native/4.7.3.1029/arm-gnu-toolchain/bin/../lib/gcc/arm-none-eabi/4.7.3/../../../../arm-none-eabi/lib/armv7e-m\libc.a(lib_a-mallocr.o)
 .debug_info    0x00022c45       0xf9 c:/program files (x86)/atmel/atmel toolchain/arm gcc/native/4.7.3.1029/arm-gnu-toolchain/bin/../lib/gcc/arm-none-eabi/4.7.3/../../../../arm-none-eabi/lib/armv7e-m\libc.a(lib_a-memchr.o)
 .debug_info    0x00022d3e      0x103 c:/program files (x86)/atmel/atmel toolchain/arm gcc/native/4.7.3.1029/arm-gnu-toolchain/bin/../lib/gcc/arm-none-eabi/4.7.3/../../../../arm-none-eabi/lib/armv7e-m\libc.a(lib_a-memcpy.o)
 .debug_info    0x00022e41      0x103 c:/program files (x86)/atmel/atmel toolchain/arm gcc/native/4.7.3.1029/arm-gnu-toolchain/bin/../lib/gcc/arm-none-eabi/4.7.3/../../../../arm-none-eabi/lib/armv7e-m\libc.a(lib_a-memmove.o)
 .debug_info    0x00022f44      0x985 c:/program files (x86)/atmel/atmel toolchain/arm gcc/native/4.7.3.1029/arm-gnu-toolchain/bin/../lib/gcc/arm-none-eabi/4.7.3/../../../../arm-none-eabi/lib/armv7e-m\libc.a(lib_a-mlock.o)
 .debug_info    0x000238c9      0xd3c c:/program files (x86)/atmel/atmel toolchain/arm gcc/native/4.7.3.1029/arm-gnu-toolchain/bin/../lib/gcc/arm-none-eabi/4.7.3/../../../../arm-none-eabi/lib/armv7e-m\libc.a(lib_a-reallocr.o)
 .debug_info    0x00024605      0x9cc c:/program files (x86)/atmel/atmel toolchain/arm gcc/native/4.7.3.1029/arm-gnu-toolchain/bin/../lib/gcc/arm-none-eabi/4.7.3/../../../../arm-none-eabi/lib/armv7e-m\libc.a(lib_a-sbrkr.o)
 .debug_info    0x00024fd1      0xc7b c:/program files (x86)/atmel/atmel toolchain/arm gcc/native/4.7.3.1029/arm-gnu-toolchain/bin/../lib/gcc/arm-none-eabi/4.7.3/../../../../arm-none-eabi/lib/armv7e-m\libc.a(lib_a-stdio.o)
 .debug_info    0x00025c4c       0xb5 c:/program files (x86)/atmel/atmel toolchain/arm gcc/native/4.7.3.1029/arm-gnu-toolchain/bin/../lib/gcc/arm-none-eabi/4.7.3/../../../../arm-none-eabi/lib/armv7e-m\libc.a(lib_a-strcmp.o)
 .debug_info    0x00025d01       0xcd c:/program files (x86)/atmel/atmel toolchain/arm gcc/native/4.7.3.1029/arm-gnu-toolchain/bin/../lib/gcc/arm-none-eabi/4.7.3/../../../../arm-none-eabi/lib/armv7e-m\libc.a(lib_a-strlen.o)
 .debug_info    0x00025dce      0xaa2 c:/program files (x86)/atmel/atmel toolchain/arm gcc/native/4.7.3.1029/arm-gnu-toolchain/bin/../lib/gcc/arm-none-eabi/4.7.3/../../../../arm-none-eabi/lib/armv7e-m\libc.a(lib_a-wbuf.o)
 .debug_info    0x00026870      0xaa8 c:/program files (x86)/atmel/atmel toolchain/arm gcc/native/4.7.3.1029/arm-gnu-toolchain/bin/../lib/gcc/arm-none-eabi/4.7.3/../../../../arm-none-eabi/lib/armv7e-m\libc.a(lib_a-wcrtomb.o)
 .debug_info    0x00027318      0xa92 c:/program files (x86)/atmel/atmel toolchain/arm gcc/native/4.7.3.1029/arm-gnu-toolchain/bin/../lib/gcc/arm-none-eabi/4.7.3/../../../../arm-none-eabi/lib/armv7e-m\libc.a(lib_a-wctomb_r.o)
 .debug_info    0x00027daa      0x9ff c:/program files (x86)/atmel/atmel toolchain/arm gcc/native/4.7.3.1029/arm-gnu-toolchain/bin/../lib/gcc/arm-none-eabi/4.7.3/../../../../arm-none-eabi/lib/armv7e-m\libc.a(lib_a-writer.o)
 .debug_info    0x000287a9      0x9b6 c:/program files (x86)/atmel/atmel toolchain/arm gcc/native/4.7.3.1029/arm-gnu-toolchain/bin/../lib/gcc/arm-none-eabi/4.7.3/../../../../arm-none-eabi/lib/armv7e-m\libc.a(lib_a-closer.o)
 .debug_info    0x0002915f      0xac3 c:/program files (x86)/atmel/atmel toolchain/arm gcc/native/4.7.3.1029/arm-gnu-toolchain/bin/../lib/gcc/arm-none-eabi/4.7.3/../../../../arm-none-eabi/lib/armv7e-m\libc.a(lib_a-fclose.o)
 .debug_info    0x00029c22      0xb61 c:/program files (x86)/atmel/atmel toolchain/arm gcc/native/4.7.3.1029/arm-gnu-toolchain/bin/../lib/gcc/arm-none-eabi/4.7.3/../../../../arm-none-eabi/lib/armv7e-m\libc.a(lib_a-fstatr.o)
 .debug_info    0x0002a783      0x9b6 c:/program files (x86)/atmel/atmel toolchain/arm gcc/native/4.7.3.1029/arm-gnu-toolchain/bin/../lib/gcc/arm-none-eabi/4.7.3/../../../../arm-none-eabi/lib/armv7e-m\libc.a(lib_a-isattyr.o)
 .debug_info    0x0002b139      0x9ed c:/program files (x86)/atmel/atmel toolchain/arm gcc/native/4.7.3.1029/arm-gnu-toolchain/bin/../lib/gcc/arm-none-eabi/4.7.3/../../../../arm-none-eabi/lib/armv7e-m\libc.a(lib_a-lseekr.o)
 .debug_info    0x0002bb26      0x9f8 c:/program files (x86)/atmel/atmel toolchain/arm gcc/native/4.7.3.1029/arm-gnu-toolchain/bin/../lib/gcc/arm-none-eabi/4.7.3/../../../../arm-none-eabi/lib/armv7e-m\libc.a(lib_a-readr.o)
 .debug_info    0x0002c51e      0xb23 c:/program files (x86)/atmel/atmel toolchain/arm gcc/native/4.7.3.1029/arm-gnu-toolchain/bin/../lib/gcc/arm-none-eabi/4.7.3/../../../../arm-none-eabi/lib/armv7e-m\libc.a(lib_a-reent.o)
 .debug_info    0x0002d041       0xfe c:/program files (x86)/atmel/atmel toolchain/arm gcc/native/4.7.3.1029/arm-gnu-toolchain/bin/../lib/gcc/arm-none-eabi/4.7.3/armv7e-m\libgcc.a(_aeabi_uldivmod.o)
 .debug_info    0x0002d13f      0x170 c:/program files (x86)/atmel/atmel toolchain/arm gcc/native/4.7.3.1029/arm-gnu-toolchain/bin/../lib/gcc/arm-none-eabi/4.7.3/armv7e-m\libgcc.a(bpabi.o)
 .debug_info    0x0002d2af      0x102 c:/program files (x86)/atmel/atmel toolchain/arm gcc/native/4.7.3.1029/arm-gnu-toolchain/bin/../lib/gcc/arm-none-eabi/4.7.3/armv7e-m\libgcc.a(_dvmd_tls.o)
 .debug_info    0x0002d3b1      0x682 c:/program files (x86)/atmel/atmel toolchain/arm gcc/native/4.7.3.1029/arm-gnu-toolchain/bin/../lib/gcc/arm-none-eabi/4.7.3/armv7e-m\libgcc.a(_divdi3.o)
 .debug_info    0x0002da33      0x645 c:/program files (x86)/atmel/atmel toolchain/arm gcc/native/4.7.3.1029/arm-gnu-toolchain/bin/../lib/gcc/arm-none-eabi/4.7.3/armv7e-m\libgcc.a(_udivdi3.o)

.debug_abbrev   0x00000000     0x7f4f
 .debug_abbrev  0x00000000      0x2c8 src/servo.o
 .debug_abbrev  0x000002c8       0x9d src/ASF/common/services/delay/sam/cycle_counter.o
 .debug_abbrev  0x00000365      0x1d5 src/ASF/sam/drivers/tc/tc.o
 .debug_abbrev  0x0000053a      0x276 src/pos_controller.o
 .debug_abbrev  0x000007b0      0x38b src/motor_shield.o
 .debug_abbrev  0x00000b3b      0x1ac src/ASF/common/services/clock/sam4l/osc.o
 .debug_abbrev  0x00000ce7      0x34d src/ASF/common/services/clock/sam4l/sysclk.o
 .debug_abbrev  0x00001034       0xef src/ASF/common/utils/interrupt/interrupt_sam_nvic.o
 .debug_abbrev  0x00001123      0x10c src/ASF/common/utils/stdio/read.o
 .debug_abbrev  0x0000122f       0xf5 src/ASF/common/utils/stdio/write.o
 .debug_abbrev  0x00001324      0x23a src/ASF/sam/boards/sam4l_xplained_pro/init.o
 .debug_abbrev  0x0000155e      0x286 src/ASF/sam/drivers/bpm/bpm.o
 .debug_abbrev  0x000017e4      0x35b src/ASF/sam/drivers/flashcalw/flashcalw.o
 .debug_abbrev  0x00001b3f      0x28d src/ASF/sam/drivers/gpio/gpio.o
 .debug_abbrev  0x00001dcc      0x374 src/ASF/sam/drivers/pdca/pdca.o
 .debug_abbrev  0x00002140      0x2c0 src/ASF/sam/drivers/usart/usart.o
 .debug_abbrev  0x00002400      0x20e src/ASF/sam/drivers/wdt/wdt_sam4l.o
 .debug_abbrev  0x0000260e       0x6c src/ASF/sam/utils/cmsis/sam4l/source/templates/exceptions.o
 .debug_abbrev  0x0000267a      0x113 src/ASF/sam/utils/cmsis/sam4l/source/templates/gcc/startup_sam4l.o
 .debug_abbrev  0x0000278d      0x141 src/ASF/sam/utils/syscalls/gcc/syscalls.o
 .debug_abbrev  0x000028ce      0x34d src/encoder.o
 .debug_abbrev  0x00002c1b      0x3a5 src/gpio_example.o
 .debug_abbrev  0x00002fc0       0x14 c:/program files (x86)/atmel/atmel toolchain/arm gcc/native/4.7.3.1029/arm-gnu-toolchain/bin/../lib/gcc/arm-none-eabi/4.7.3/armv7e-m\libgcc.a(_arm_addsubdf3.o)
 .debug_abbrev  0x00002fd4       0x14 c:/program files (x86)/atmel/atmel toolchain/arm gcc/native/4.7.3.1029/arm-gnu-toolchain/bin/../lib/gcc/arm-none-eabi/4.7.3/armv7e-m\libgcc.a(_arm_muldivdf3.o)
 .debug_abbrev  0x00002fe8       0x14 c:/program files (x86)/atmel/atmel toolchain/arm gcc/native/4.7.3.1029/arm-gnu-toolchain/bin/../lib/gcc/arm-none-eabi/4.7.3/armv7e-m\libgcc.a(_arm_fixunsdfsi.o)
 .debug_abbrev  0x00002ffc      0x1fe c:/program files (x86)/atmel/atmel toolchain/arm gcc/native/4.7.3.1029/arm-gnu-toolchain/bin/../lib/gcc/arm-none-eabi/4.7.3/../../../../arm-none-eabi/lib/armv7e-m\libc.a(lib_a-__atexit.o)
 .debug_abbrev  0x000031fa       0xbb c:/program files (x86)/atmel/atmel toolchain/arm gcc/native/4.7.3.1029/arm-gnu-toolchain/bin/../lib/gcc/arm-none-eabi/4.7.3/../../../../arm-none-eabi/lib/armv7e-m\libc.a(lib_a-fini.o)
 .debug_abbrev  0x000032b5      0x160 c:/program files (x86)/atmel/atmel toolchain/arm gcc/native/4.7.3.1029/arm-gnu-toolchain/bin/../lib/gcc/arm-none-eabi/4.7.3/../../../../arm-none-eabi/lib/armv7e-m\libc.a(lib_a-impure.o)
 .debug_abbrev  0x00003415       0xb8 c:/program files (x86)/atmel/atmel toolchain/arm gcc/native/4.7.3.1029/arm-gnu-toolchain/bin/../lib/gcc/arm-none-eabi/4.7.3/../../../../arm-none-eabi/lib/armv7e-m\libc.a(lib_a-init.o)
 .debug_abbrev  0x000034cd      0x1ed c:/program files (x86)/atmel/atmel toolchain/arm gcc/native/4.7.3.1029/arm-gnu-toolchain/bin/../lib/gcc/arm-none-eabi/4.7.3/../../../../arm-none-eabi/lib/armv7e-m\libc.a(lib_a-iprintf.o)
 .debug_abbrev  0x000036ba       0x8c c:/program files (x86)/atmel/atmel toolchain/arm gcc/native/4.7.3.1029/arm-gnu-toolchain/bin/../lib/gcc/arm-none-eabi/4.7.3/../../../../arm-none-eabi/lib/armv7e-m\libc.a(lib_a-memset.o)
 .debug_abbrev  0x00003746      0x19c c:/program files (x86)/atmel/atmel toolchain/arm gcc/native/4.7.3.1029/arm-gnu-toolchain/bin/../lib/gcc/arm-none-eabi/4.7.3/../../../../arm-none-eabi/lib/armv7e-m\libc.a(lib_a-setbuf.o)
 .debug_abbrev  0x000038e2      0x217 c:/program files (x86)/atmel/atmel toolchain/arm gcc/native/4.7.3.1029/arm-gnu-toolchain/bin/../lib/gcc/arm-none-eabi/4.7.3/../../../../arm-none-eabi/lib/armv7e-m\libc.a(lib_a-setvbuf.o)
 .debug_abbrev  0x00003af9      0x39e c:/program files (x86)/atmel/atmel toolchain/arm gcc/native/4.7.3.1029/arm-gnu-toolchain/bin/../lib/gcc/arm-none-eabi/4.7.3/../../../../arm-none-eabi/lib/armv7e-m\libc.a(lib_a-vfiprintf.o)
 .debug_abbrev  0x00003e97      0x1d5 c:/program files (x86)/atmel/atmel toolchain/arm gcc/native/4.7.3.1029/arm-gnu-toolchain/bin/../lib/gcc/arm-none-eabi/4.7.3/../../../../arm-none-eabi/lib/armv7e-m\libc.a(lib_a-wsetup.o)